This is pdfTeX, Version 3.141592653-2.6-1.40.26 (TeX Live 2024) (preloaded format=pdflatex 2024.8.26)  9 JUL 2026 11:31
entering extended mode
 restricted \write18 enabled.
 %&-line parsing enabled.
**thesis.tex
(./thesis.tex
LaTeX2e <2024-06-01> patch level 2
L3 programming layer <2024-07-20>
(./uhcoethesis.cls
Document Class: uhcoethesis 2026/05/29 University of Houston thesis class
(c:/texlive/2024/texmf-dist/tex/latex/base/report.cls
Document Class: report 2024/02/08 v1.4n Standard LaTeX document class
(c:/texlive/2024/texmf-dist/tex/latex/base/size12.clo
File: size12.clo 2024/02/08 v1.4n Standard LaTeX file (size option)
)
\c@part=\count194
\c@chapter=\count195
\c@section=\count196
\c@subsection=\count197
\c@subsubsection=\count198
\c@paragraph=\count199
\c@subparagraph=\count266
\c@figure=\count267
\c@table=\count268
\abovecaptionskip=\skip49
\belowcaptionskip=\skip50
\bibindent=\dimen141
)
(c:/texlive/2024/texmf-dist/tex/latex/geometry/geometry.sty
Package: geometry 2020/01/02 v5.9 Page Geometry

(c:/texlive/2024/texmf-dist/tex/latex/graphics/keyval.sty
Package: keyval 2022/05/29 v1.15 key=value parser (DPC)
\KV@toks@=\toks17
)
(c:/texlive/2024/texmf-dist/tex/generic/iftex/ifvtex.sty
Package: ifvtex 2019/10/25 v1.7 ifvtex legacy package. Use iftex instead.

(c:/texlive/2024/texmf-dist/tex/generic/iftex/iftex.sty
Package: iftex 2022/02/03 v1.0f TeX engine tests
))
\Gm@cnth=\count269
\Gm@cntv=\count270
\c@Gm@tempcnt=\count271
\Gm@bindingoffset=\dimen142
\Gm@wd@mp=\dimen143
\Gm@odd@mp=\dimen144
\Gm@even@mp=\dimen145
\Gm@layoutwidth=\dimen146
\Gm@layoutheight=\dimen147
\Gm@layouthoffset=\dimen148
\Gm@layoutvoffset=\dimen149
\Gm@dimlist=\toks18
)
(c:/texlive/2024/texmf-dist/tex/latex/setspace/setspace.sty
Package: setspace 2022/12/04 v6.7b set line spacing
)
(c:/texlive/2024/texmf-dist/tex/latex/caption/caption.sty
Package: caption 2023/08/05 v3.6o Customizing captions (AR)

(c:/texlive/2024/texmf-dist/tex/latex/caption/caption3.sty
Package: caption3 2023/07/31 v2.4d caption3 kernel (AR)
\caption@tempdima=\dimen150
\captionmargin=\dimen151
\caption@leftmargin=\dimen152
\caption@rightmargin=\dimen153
\caption@width=\dimen154
\caption@indent=\dimen155
\caption@parindent=\dimen156
\caption@hangindent=\dimen157
Package caption Info: Standard document class detected.
)
\c@caption@flags=\count272
\c@continuedfloat=\count273
)
(c:/texlive/2024/texmf-dist/tex/latex/titlesec/titlesec.sty
Package: titlesec 2023/10/27 v2.16 Sectioning titles
\ttl@box=\box52
\beforetitleunit=\skip51
\aftertitleunit=\skip52
\ttl@plus=\dimen158
\ttl@minus=\dimen159
\ttl@toksa=\toks19
\titlewidth=\dimen160
\titlewidthlast=\dimen161
\titlewidthfirst=\dimen162
)
(c:/texlive/2024/texmf-dist/tex/latex/tocloft/tocloft.sty
Package: tocloft 2017/08/31 v2.3i parameterised ToC, etc., typesetting
Package tocloft Info: The document has chapter divisions on input line 51.
\cftparskip=\skip53
\cftbeforetoctitleskip=\skip54
\cftaftertoctitleskip=\skip55
\cftbeforepartskip=\skip56
\cftpartnumwidth=\skip57
\cftpartindent=\skip58
\cftbeforechapskip=\skip59
\cftchapindent=\skip60
\cftchapnumwidth=\skip61
\cftbeforesecskip=\skip62
\cftsecindent=\skip63
\cftsecnumwidth=\skip64
\cftbeforesubsecskip=\skip65
\cftsubsecindent=\skip66
\cftsubsecnumwidth=\skip67
\cftbeforesubsubsecskip=\skip68
\cftsubsubsecindent=\skip69
\cftsubsubsecnumwidth=\skip70
\cftbeforeparaskip=\skip71
\cftparaindent=\skip72
\cftparanumwidth=\skip73
\cftbeforesubparaskip=\skip74
\cftsubparaindent=\skip75
\cftsubparanumwidth=\skip76
\cftbeforeloftitleskip=\skip77
\cftafterloftitleskip=\skip78
\cftbeforefigskip=\skip79
\cftfigindent=\skip80
\cftfignumwidth=\skip81
\c@lofdepth=\count274
\c@lotdepth=\count275
\cftbeforelottitleskip=\skip82
\cftafterlottitleskip=\skip83
\cftbeforetabskip=\skip84
\cfttabindent=\skip85
\cfttabnumwidth=\skip86
)
(c:/texlive/2024/texmf-dist/tex/latex/etoolbox/etoolbox.sty
Package: etoolbox 2020/10/05 v2.5k e-TeX tools for LaTeX (JAW)
\etb@tempcnta=\count276
)
(c:/texlive/2024/texmf-dist/tex/latex/amsmath/amsmath.sty
Package: amsmath 2024/05/23 v2.17q AMS math features
\@mathmargin=\skip87

For additional information on amsmath, use the `?' option.
(c:/texlive/2024/texmf-dist/tex/latex/amsmath/amstext.sty
Package: amstext 2021/08/26 v2.01 AMS text

(c:/texlive/2024/texmf-dist/tex/latex/amsmath/amsgen.sty
File: amsgen.sty 1999/11/30 v2.0 generic functions
\@emptytoks=\toks20
\ex@=\dimen163
))
(c:/texlive/2024/texmf-dist/tex/latex/amsmath/amsbsy.sty
Package: amsbsy 1999/11/29 v1.2d Bold Symbols
\pmbraise@=\dimen164
)
(c:/texlive/2024/texmf-dist/tex/latex/amsmath/amsopn.sty
Package: amsopn 2022/04/08 v2.04 operator names
)
\inf@bad=\count277
LaTeX Info: Redefining \frac on input line 233.
\uproot@=\count278
\leftroot@=\count279
LaTeX Info: Redefining \overline on input line 398.
LaTeX Info: Redefining \colon on input line 409.
\classnum@=\count280
\DOTSCASE@=\count281
LaTeX Info: Redefining \ldots on input line 495.
LaTeX Info: Redefining \dots on input line 498.
LaTeX Info: Redefining \cdots on input line 619.
\Mathstrutbox@=\box53
\strutbox@=\box54
LaTeX Info: Redefining \big on input line 721.
LaTeX Info: Redefining \Big on input line 722.
LaTeX Info: Redefining \bigg on input line 723.
LaTeX Info: Redefining \Bigg on input line 724.
\big@size=\dimen165
LaTeX Font Info:    Redeclaring font encoding OML on input line 742.
LaTeX Font Info:    Redeclaring font encoding OMS on input line 743.
\macc@depth=\count282
LaTeX Info: Redefining \bmod on input line 904.
LaTeX Info: Redefining \pmod on input line 909.
LaTeX Info: Redefining \smash on input line 939.
LaTeX Info: Redefining \relbar on input line 969.
LaTeX Info: Redefining \Relbar on input line 970.
\c@MaxMatrixCols=\count283
\dotsspace@=\muskip17
\c@parentequation=\count284
\dspbrk@lvl=\count285
\tag@help=\toks21
\row@=\count286
\column@=\count287
\maxfields@=\count288
\andhelp@=\toks22
\eqnshift@=\dimen166
\alignsep@=\dimen167
\tagshift@=\dimen168
\tagwidth@=\dimen169
\totwidth@=\dimen170
\lineht@=\dimen171
\@envbody=\toks23
\multlinegap=\skip88
\multlinetaggap=\skip89
\mathdisplay@stack=\toks24
LaTeX Info: Redefining \[ on input line 2953.
LaTeX Info: Redefining \] on input line 2954.
)
(c:/texlive/2024/texmf-dist/tex/latex/graphics/graphicx.sty
Package: graphicx 2021/09/16 v1.2d Enhanced LaTeX Graphics (DPC,SPQR)

(c:/texlive/2024/texmf-dist/tex/latex/graphics/graphics.sty
Package: graphics 2024/05/23 v1.4g Standard LaTeX Graphics (DPC,SPQR)

(c:/texlive/2024/texmf-dist/tex/latex/graphics/trig.sty
Package: trig 2023/12/02 v1.11 sin cos tan (DPC)
)
(c:/texlive/2024/texmf-dist/tex/latex/graphics-cfg/graphics.cfg
File: graphics.cfg 2016/06/04 v1.11 sample graphics configuration
)
Package graphics Info: Driver file: pdftex.def on input line 106.

(c:/texlive/2024/texmf-dist/tex/latex/graphics-def/pdftex.def
File: pdftex.def 2024/04/13 v1.2c Graphics/color driver for pdftex
))
\Gin@req@height=\dimen172
\Gin@req@width=\dimen173
)
(c:/texlive/2024/texmf-dist/tex/latex/hyperref/hyperref.sty
Package: hyperref 2024-07-10 v7.01j Hypertext links for LaTeX

(c:/texlive/2024/texmf-dist/tex/latex/kvsetkeys/kvsetkeys.sty
Package: kvsetkeys 2022-10-05 v1.19 Key value parser (HO)
)
(c:/texlive/2024/texmf-dist/tex/generic/kvdefinekeys/kvdefinekeys.sty
Package: kvdefinekeys 2019-12-19 v1.6 Define keys (HO)
)
(c:/texlive/2024/texmf-dist/tex/generic/pdfescape/pdfescape.sty
Package: pdfescape 2019/12/09 v1.15 Implements pdfTeX's escape features (HO)

(c:/texlive/2024/texmf-dist/tex/generic/ltxcmds/ltxcmds.sty
Package: ltxcmds 2023-12-04 v1.26 LaTeX kernel commands for general use (HO)
)
(c:/texlive/2024/texmf-dist/tex/generic/pdftexcmds/pdftexcmds.sty
Package: pdftexcmds 2020-06-27 v0.33 Utility functions of pdfTeX for LuaTeX (HO
)

(c:/texlive/2024/texmf-dist/tex/generic/infwarerr/infwarerr.sty
Package: infwarerr 2019/12/03 v1.5 Providing info/warning/error messages (HO)
)
Package pdftexcmds Info: \pdf@primitive is available.
Package pdftexcmds Info: \pdf@ifprimitive is available.
Package pdftexcmds Info: \pdfdraftmode found.
))
(c:/texlive/2024/texmf-dist/tex/latex/hycolor/hycolor.sty
Package: hycolor 2020-01-27 v1.10 Color options for hyperref/bookmark (HO)
)
(c:/texlive/2024/texmf-dist/tex/latex/hyperref/nameref.sty
Package: nameref 2023-11-26 v2.56 Cross-referencing by name of section

(c:/texlive/2024/texmf-dist/tex/latex/refcount/refcount.sty
Package: refcount 2019/12/15 v3.6 Data extraction from label references (HO)
)
(c:/texlive/2024/texmf-dist/tex/generic/gettitlestring/gettitlestring.sty
Package: gettitlestring 2019/12/15 v1.6 Cleanup title references (HO)

(c:/texlive/2024/texmf-dist/tex/latex/kvoptions/kvoptions.sty
Package: kvoptions 2022-06-15 v3.15 Key value format for package options (HO)
))
\c@section@level=\count289
)
(c:/texlive/2024/texmf-dist/tex/generic/stringenc/stringenc.sty
Package: stringenc 2019/11/29 v1.12 Convert strings between diff. encodings (HO
)
)
\@linkdim=\dimen174
\Hy@linkcounter=\count290
\Hy@pagecounter=\count291

(c:/texlive/2024/texmf-dist/tex/latex/hyperref/pd1enc.def
File: pd1enc.def 2024-07-10 v7.01j Hyperref: PDFDocEncoding definition (HO)
Now handling font encoding PD1 ...
... no UTF-8 mapping file for font encoding PD1
)
(c:/texlive/2024/texmf-dist/tex/generic/intcalc/intcalc.sty
Package: intcalc 2019/12/15 v1.3 Expandable calculations with integers (HO)
)
\Hy@SavedSpaceFactor=\count292

(c:/texlive/2024/texmf-dist/tex/latex/hyperref/puenc.def
File: puenc.def 2024-07-10 v7.01j Hyperref: PDF Unicode definition (HO)
Now handling font encoding PU ...
... no UTF-8 mapping file for font encoding PU
)
Package hyperref Info: Option `hypertexnames' set `false' on input line 4040.
Package hyperref Info: Hyper figures OFF on input line 4157.
Package hyperref Info: Link nesting OFF on input line 4162.
Package hyperref Info: Hyper index ON on input line 4165.
Package hyperref Info: Plain pages OFF on input line 4172.
Package hyperref Info: Backreferencing OFF on input line 4177.
Package hyperref Info: Implicit mode ON; LaTeX internals redefined.
Package hyperref Info: Bookmarks ON on input line 4424.
\c@Hy@tempcnt=\count293

(c:/texlive/2024/texmf-dist/tex/latex/url/url.sty
\Urlmuskip=\muskip18
Package: url 2013/09/16  ver 3.4  Verb mode for urls, etc.
)
LaTeX Info: Redefining \url on input line 4763.
\XeTeXLinkMargin=\dimen175

(c:/texlive/2024/texmf-dist/tex/generic/bitset/bitset.sty
Package: bitset 2019/12/09 v1.3 Handle bit-vector datatype (HO)

(c:/texlive/2024/texmf-dist/tex/generic/bigintcalc/bigintcalc.sty
Package: bigintcalc 2019/12/15 v1.5 Expandable calculations on big integers (HO
)
))
\Fld@menulength=\count294
\Field@Width=\dimen176
\Fld@charsize=\dimen177
Package hyperref Info: Hyper figures OFF on input line 6042.
Package hyperref Info: Link nesting OFF on input line 6047.
Package hyperref Info: Hyper index ON on input line 6050.
Package hyperref Info: backreferencing OFF on input line 6057.
Package hyperref Info: Link coloring OFF on input line 6062.
Package hyperref Info: Link coloring with OCG OFF on input line 6067.
Package hyperref Info: PDF/A mode OFF on input line 6072.

(c:/texlive/2024/texmf-dist/tex/latex/base/atbegshi-ltx.sty
Package: atbegshi-ltx 2021/01/10 v1.0c Emulation of the original atbegshi
package with kernel methods
)
\Hy@abspage=\count295
\c@Item=\count296
\c@Hfootnote=\count297
)
Package hyperref Info: Driver (autodetected): hpdftex.

(c:/texlive/2024/texmf-dist/tex/latex/hyperref/hpdftex.def
File: hpdftex.def 2024-07-10 v7.01j Hyperref driver for pdfTeX

(c:/texlive/2024/texmf-dist/tex/latex/base/atveryend-ltx.sty
Package: atveryend-ltx 2020/08/19 v1.0a Emulation of the original atveryend pac
kage
with kernel methods
)
\Fld@listcount=\count298
\c@bookmark@seq@number=\count299

(c:/texlive/2024/texmf-dist/tex/latex/rerunfilecheck/rerunfilecheck.sty
Package: rerunfilecheck 2022-07-10 v1.10 Rerun checks for auxiliary files (HO)

(c:/texlive/2024/texmf-dist/tex/generic/uniquecounter/uniquecounter.sty
Package: uniquecounter 2019/12/15 v1.4 Provide unlimited unique counter (HO)
)
Package uniquecounter Info: New unique counter `rerunfilecheck' on input line 2
85.
)
\Hy@SectionHShift=\skip90
))
(c:/texlive/2024/texmf-dist/tex/latex/l3backend/l3backend-pdftex.def
File: l3backend-pdftex.def 2024-05-08 L3 backend support: PDF output (pdfTeX)
\l__color_backend_stack_int=\count300
\l__pdf_internal_box=\box55
)
(./thesis.aux)
\openout1 = `thesis.aux'.

LaTeX Font Info:    Checking defaults for OML/cmm/m/it on input line 16.
LaTeX Font Info:    ... okay on input line 16.
LaTeX Font Info:    Checking defaults for OMS/cmsy/m/n on input line 16.
LaTeX Font Info:    ... okay on input line 16.
LaTeX Font Info:    Checking defaults for OT1/cmr/m/n on input line 16.
LaTeX Font Info:    ... okay on input line 16.
LaTeX Font Info:    Checking defaults for T1/cmr/m/n on input line 16.
LaTeX Font Info:    ... okay on input line 16.
LaTeX Font Info:    Checking defaults for TS1/cmr/m/n on input line 16.
LaTeX Font Info:    ... okay on input line 16.
LaTeX Font Info:    Checking defaults for OMX/cmex/m/n on input line 16.
LaTeX Font Info:    ... okay on input line 16.
LaTeX Font Info:    Checking defaults for U/cmr/m/n on input line 16.
LaTeX Font Info:    ... okay on input line 16.
LaTeX Font Info:    Checking defaults for PD1/pdf/m/n on input line 16.
LaTeX Font Info:    ... okay on input line 16.
LaTeX Font Info:    Checking defaults for PU/pdf/m/n on input line 16.
LaTeX Font Info:    ... okay on input line 16.

*geometry* driver: auto-detecting
*geometry* detected driver: pdftex
*geometry* verbose mode - [ preamble ] result:
* driver: pdftex
* paper: letterpaper
* layout: <same size as paper>
* layoutoffset:(h,v)=(0.0pt,0.0pt)
* modes: 
* h-part:(L,W,R)=(108.405pt, 433.62001pt, 72.26999pt)
* v-part:(T,H,B)=(72.26999pt, 650.43001pt, 72.26999pt)
* \paperwidth=614.295pt
* \paperheight=794.96999pt
* \textwidth=433.62001pt
* \textheight=650.43001pt
* \oddsidemargin=36.13501pt
* \evensidemargin=36.13501pt
* \topmargin=-37.0pt
* \headheight=12.0pt
* \headsep=25.0pt
* \topskip=12.0pt
* \footskip=36.135pt
* \marginparwidth=44.0pt
* \marginparsep=10.0pt
* \columnsep=10.0pt
* \skip\footins=10.8pt plus 4.0pt minus 2.0pt
* \hoffset=0.0pt
* \voffset=0.0pt
* \mag=1000
* \@twocolumnfalse
* \@twosidefalse
* \@mparswitchfalse
* \@reversemarginfalse
* (1in=72.27pt=25.4mm, 1cm=28.453pt)

Package caption Info: Begin \AtBeginDocument code.
Package caption Info: hyperref package is loaded.
Package caption Info: End \AtBeginDocument code.
(c:/texlive/2024/texmf-dist/tex/context/base/mkii/supp-pdf.mkii
[Loading MPS to PDF converter (version 2006.09.02).]
\scratchcounter=\count301
\scratchdimen=\dimen178
\scratchbox=\box56
\nofMPsegments=\count302
\nofMParguments=\count303
\everyMPshowfont=\toks25
\MPscratchCnt=\count304
\MPscratchDim=\dimen179
\MPnumerator=\count305
\makeMPintoPDFobject=\count306
\everyMPtoPDFconversion=\toks26
) (c:/texlive/2024/texmf-dist/tex/latex/epstopdf-pkg/epstopdf-base.sty
Package: epstopdf-base 2020-01-24 v2.11 Base part for package epstopdf
Package epstopdf-base Info: Redefining graphics rule for `.eps' on input line 4
85.

(c:/texlive/2024/texmf-dist/tex/latex/latexconfig/epstopdf-sys.cfg
File: epstopdf-sys.cfg 2010/07/13 v1.3 Configuration of (r)epstopdf for TeX Liv
e
))
Package hyperref Info: Link coloring OFF on input line 16.

(./thesis.out) (./thesis.out)
\@outlinefile=\write3
\openout3 = `thesis.out'.



[1


{c:/texlive/2024/texmf-var/fonts/map/pdftex/updmap/pdftex.map}]

[1

]

[2


]

[3


]

[4


]

[5] (./thesis.toc

[6

])
\tf@toc=\write4
\openout4 = `thesis.toc'.



[7] (./thesis.lot)
\tf@lot=\write5
\openout5 = `thesis.lot'.



[8] (./thesis.lof
Overfull \hbox (1.35829pt too wide) detected at line 22
\OT1/cmr/m/n/12 III.10 
 []


Overfull \hbox (1.35829pt too wide) detected at line 23
\OT1/cmr/m/n/12 III.11 
 []


Overfull \hbox (1.35829pt too wide) detected at line 24
\OT1/cmr/m/n/12 III.12 
 []


Overfull \hbox (1.35829pt too wide) detected at line 25
\OT1/cmr/m/n/12 III.13 
 []

)
\tf@lof=\write6
\openout6 = `thesis.lof'.



[9]

[10]
CHAPTER I.


[1


]

[2]

[3]

[4]

[5]

[6]

[7]

[8]

[9]

[10]

[11]

[12]

[13]

[14]

[15]

[16{c:/texlive/2024/texmf-dist/fonts/enc/dvips/cm-super/cm-super-ts1.enc}]

[17]

[18]
CHAPTER II.


[19

]
<Fig/ch2_bcd_cad_isometric.png, id=651, 446.66875pt x 893.3375pt>
File: Fig/ch2_bcd_cad_isometric.png Graphic file (type png)
<use Fig/ch2_bcd_cad_isometric.png>
Package pdftex.def Info: Fig/ch2_bcd_cad_isometric.png  used on input line 203.

(pdftex.def)             Requested size: 112.0145pt x 224.03743pt.
<Fig/ch2_bcd_cad_section.png, id=652, 377.41pt x 792.9625pt>
File: Fig/ch2_bcd_cad_section.png Graphic file (type png)
<use Fig/ch2_bcd_cad_section.png>
Package pdftex.def Info: Fig/ch2_bcd_cad_section.png  used on input line 208.
(pdftex.def)             Requested size: 106.63004pt x 224.03743pt.


[20 <./Fig/ch2_bcd_cad_isometric.png (PNG copy)> <./Fig/ch2_bcd_cad_section.png
 (PNG copy)>]

[21]
<Fig/ch2_dsc_action.png, id=673, 776.9025pt x 542.025pt>
File: Fig/ch2_dsc_action.png Graphic file (type png)
<use Fig/ch2_dsc_action.png>
Package pdftex.def Info: Fig/ch2_dsc_action.png  used on input line 243.
(pdftex.def)             Requested size: 372.91347pt x 260.1773pt.
<Fig/ch2_tail_servo.png, id=676, 461.5644pt x 402.7848pt>
File: Fig/ch2_tail_servo.png Graphic file (type png)
<use Fig/ch2_tail_servo.png>
Package pdftex.def Info: Fig/ch2_tail_servo.png  used on input line 252.
(pdftex.def)             Requested size: 268.84229pt x 234.60484pt.


[22]

[23 <./Fig/ch2_dsc_action.png>]
<Fig/ch2_aquanavigator_cad.png, id=687, 963.6pt x 447.855pt>
File: Fig/ch2_aquanavigator_cad.png Graphic file (type png)
<use Fig/ch2_aquanavigator_cad.png>
Package pdftex.def Info: Fig/ch2_aquanavigator_cad.png  used on input line 267.

(pdftex.def)             Requested size: 433.62001pt x 201.53288pt.


[24 <./Fig/ch2_tail_servo.png>]
<Fig/ch2_bcd_schematic.pdf, id=695, 794.97pt x 465.74pt>
File: Fig/ch2_bcd_schematic.pdf Graphic file (type pdf)
<use Fig/ch2_bcd_schematic.pdf>
Package pdftex.def Info: Fig/ch2_bcd_schematic.pdf  used on input line 303.
(pdftex.def)             Requested size: 338.22307pt x 198.15363pt.


[25 <./Fig/ch2_aquanavigator_cad.png>]

[26 <./Fig/ch2_bcd_schematic.pdf>]
<Fig/ch2_bcd_piston.pdf, id=754, 440.64626pt x 316.18124pt>
File: Fig/ch2_bcd_piston.pdf Graphic file (type pdf)
<use Fig/ch2_bcd_piston.pdf>
Package pdftex.def Info: Fig/ch2_bcd_piston.pdf  used on input line 338.
(pdftex.def)             Requested size: 208.13574pt x 149.34335pt.


[27 <./Fig/ch2_bcd_piston.pdf>]

[28]

[29]
<Fig/ch2_robot_frames.png, id=799, 491.436pt x 154.4169pt>
File: Fig/ch2_robot_frames.png Graphic file (type png)
<use Fig/ch2_robot_frames.png>
Package pdftex.def Info: Fig/ch2_robot_frames.png  used on input line 440.
(pdftex.def)             Requested size: 433.62001pt x 136.2572pt.


[30 <./Fig/ch2_robot_frames.png>]

[31]

[32]

[33]

[34]

[35]

[36]
<Fig/ch2_bcd_fabricated.png, id=862, 2427.0675pt x 1643.13875pt>
File: Fig/ch2_bcd_fabricated.png Graphic file (type png)
<use Fig/ch2_bcd_fabricated.png>
Package pdftex.def Info: Fig/ch2_bcd_fabricated.png  used on input line 694.
(pdftex.def)             Requested size: 312.20692pt x 211.35904pt.
<Fig/ch2_aquanavigator_real.jpg, id=864, 579.66562pt x 316.93407pt>
File: Fig/ch2_aquanavigator_real.jpg Graphic file (type jpg)
<use Fig/ch2_aquanavigator_real.jpg>
Package pdftex.def Info: Fig/ch2_aquanavigator_real.jpg  used on input line 703
.
(pdftex.def)             Requested size: 303.53267pt x 165.95763pt.


[37 <./Fig/ch2_bcd_fabricated.png (PNG copy)>]

[38 <./Fig/ch2_aquanavigator_real.jpg>]
CHAPTER III.


[39

]

[40]
<Fig/ch3_mpc_control_scheme.png, id=886, 722.7pt x 270.5307pt>
File: Fig/ch3_mpc_control_scheme.png Graphic file (type png)
<use Fig/ch3_mpc_control_scheme.png>
Package pdftex.def Info: Fig/ch3_mpc_control_scheme.png  used on input line 752
.
(pdftex.def)             Requested size: 355.57158pt x 133.10196pt.


[41 <./Fig/ch3_mpc_control_scheme.png>]

[42]
<Fig/ch3_esc_tuned_pd_scheme.png, id=901, 521.22pt x 126.144pt>
File: Fig/ch3_esc_tuned_pd_scheme.png Graphic file (type png)
<use Fig/ch3_esc_tuned_pd_scheme.png>
Package pdftex.def Info: Fig/ch3_esc_tuned_pd_scheme.png  used on input line 80
2.
(pdftex.def)             Requested size: 364.23921pt x 88.15582pt.


[43 <./Fig/ch3_esc_tuned_pd_scheme.png>]

[44]

[45]
<Fig/ch3_pipeline_control_scheme.png, id=923, 4015.0803pt x 3011.25pt>
File: Fig/ch3_pipeline_control_scheme.png Graphic file (type png)
<use Fig/ch3_pipeline_control_scheme.png>
Package pdftex.def Info: Fig/ch3_pipeline_control_scheme.png  used on input lin
e 885.
(pdftex.def)             Requested size: 355.57158pt x 266.63576pt.
<Fig/ch3_pipeline_camera_vectors.png, id=924, 361.35pt x 289.08pt>
File: Fig/ch3_pipeline_camera_vectors.png Graphic file (type png)
<use Fig/ch3_pipeline_camera_vectors.png>
Package pdftex.def Info: Fig/ch3_pipeline_camera_vectors.png  used on input lin
e 892.
(pdftex.def)             Requested size: 355.57158pt x 284.46095pt.


[46 <./Fig/ch3_pipeline_control_scheme.png>]

[47 <./Fig/ch3_pipeline_camera_vectors.png>]
<Fig/ch3_bcd_open_loop_validation.pdf, id=935, 483.60487pt x 452.83492pt>
File: Fig/ch3_bcd_open_loop_validation.pdf Graphic file (type pdf)
<use Fig/ch3_bcd_open_loop_validation.pdf>
Package pdftex.def Info: Fig/ch3_bcd_open_loop_validation.pdf  used on input li
ne 913.
(pdftex.def)             Requested size: 381.58772pt x 357.31416pt.
<Fig/ch3_mpc_simulation.png, id=937, 421.575pt x 316.18124pt>
File: Fig/ch3_mpc_simulation.png Graphic file (type png)
<use Fig/ch3_mpc_simulation.png>
Package pdftex.def Info: Fig/ch3_mpc_simulation.png  used on input line 926.
(pdftex.def)             Requested size: 268.84229pt x 201.63644pt.
<Fig/ch3_mpc_experiment.png, id=938, 843.15pt x 632.3625pt>
File: Fig/ch3_mpc_experiment.png Graphic file (type png)
<use Fig/ch3_mpc_experiment.png>
Package pdftex.def Info: Fig/ch3_mpc_experiment.png  used on input line 933.
(pdftex.def)             Requested size: 294.85843pt x 221.14685pt.


[48]
<Fig/ch3_bcd_actuator_loop_result.pdf, id=946, 498.50052pt x 384.53975pt>
File: Fig/ch3_bcd_actuator_loop_result.pdf Graphic file (type pdf)
<use Fig/ch3_bcd_actuator_loop_result.pdf>
Package pdftex.def Info: Fig/ch3_bcd_actuator_loop_result.pdf  used on input li
ne 946.
(pdftex.def)             Requested size: 260.17465pt x 200.707pt.


[49 <./Fig/ch3_bcd_open_loop_validation.pdf>]
<Fig/ch3_esc_velocity_penalty_sim.pdf, id=1027, 593.23634pt x 529.80246pt>
File: Fig/ch3_esc_velocity_penalty_sim.pdf Graphic file (type pdf)
<use Fig/ch3_esc_velocity_penalty_sim.pdf>
Package pdftex.def Info: Fig/ch3_esc_velocity_penalty_sim.pdf  used on input li
ne 955.
(pdftex.def)             Requested size: 281.85036pt x 251.71536pt.
<Fig/ch3_esc_deadzone_penalty_sim.pdf, id=1029, 593.23634pt x 529.80246pt>
File: Fig/ch3_esc_deadzone_penalty_sim.pdf Graphic file (type pdf)
<use Fig/ch3_esc_deadzone_penalty_sim.pdf>
Package pdftex.def Info: Fig/ch3_esc_deadzone_penalty_sim.pdf  used on input li
ne 964.
(pdftex.def)             Requested size: 281.85036pt x 251.71536pt.


[50 <./Fig/ch3_mpc_simulation.png (PNG copy)>]
<Fig/ch3_esc_experiment.pdf, id=1036, 841.78302pt x 768.30281pt>
File: Fig/ch3_esc_experiment.pdf Graphic file (type pdf)
<use Fig/ch3_esc_experiment.pdf>
Package pdftex.def Info: Fig/ch3_esc_experiment.pdf  used on input line 973.
(pdftex.def)             Requested size: 281.85036pt x 257.24529pt.
<Fig/ch3_pbvs_simulation.png, id=1038, 867.24pt x 578.16pt>
File: Fig/ch3_pbvs_simulation.png Graphic file (type png)
<use Fig/ch3_pbvs_simulation.png>
Package pdftex.def Info: Fig/ch3_pbvs_simulation.png  used on input line 988.
(pdftex.def)             Requested size: 281.85036pt x 187.89977pt.
<Fig/ch3_ibvs_simulation.png, id=1039, 867.24pt x 578.16pt>
File: Fig/ch3_ibvs_simulation.png Graphic file (type png)
<use Fig/ch3_ibvs_simulation.png>
Package pdftex.def Info: Fig/ch3_ibvs_simulation.png  used on input line 993.
(pdftex.def)             Requested size: 281.85036pt x 187.89977pt.


[51 <./Fig/ch3_mpc_experiment.png (PNG copy)>]
<Fig/ch3_pipeline_top_view.jpg, id=1045, 4625.28pt x 1626.075pt>
File: Fig/ch3_pipeline_top_view.jpg Graphic file (type jpg)
<use Fig/ch3_pipeline_top_view.jpg>
Package pdftex.def Info: Fig/ch3_pipeline_top_view.jpg  used on input line 1009
.
(pdftex.def)             Requested size: 407.60387pt x 143.28857pt.


[52 <./Fig/ch3_bcd_actuator_loop_result.pdf>]

[53 <./Fig/ch3_esc_velocity_penalty_sim.pdf>]

[54 <./Fig/ch3_esc_deadzone_penalty_sim.pdf>]

[55 <./Fig/ch3_esc_experiment.pdf>]

[56 <./Fig/ch3_pbvs_simulation.png> <./Fig/ch3_ibvs_simulation.png> <./Fig/ch3_
pipeline_top_view.jpg>]
CHAPTER IV.


[57

]
CHAPTER V.


[58

]
CHAPTER VI.


[59

] (./thesis.bbl

[60


]

[61]
Underfull \hbox (badness 10000) in paragraph at lines 84--88
[]\OT1/cmr/m/n/12 Heinrich Boell Stiftung.  En-ergy from the ocean: Where
 []


Underfull \hbox (badness 10000) in paragraph at lines 84--88
\OT1/cmr/m/n/12 does the fu-ture lie?  []$\OT1/cmtt/m/n/12 https : / / www . bo
ell . de / en / 2017 / 05 / 20 /
 []



[62]

[63]

[64]
Underfull \hbox (badness 3690) in paragraph at lines 230--233
[]\OT1/cmr/m/n/12 National Ge-o-graphic So-ci-ety.  All about the ocean.  Na-ti
onal Ge-
 []


Underfull \hbox (badness 1648) in paragraph at lines 230--233
\OT1/cmr/m/n/12 o-graphic So-ci-ety. []$\OT1/cmtt/m/n/12 https : / / education 
. nationalgeographic . org / resource /
 []



[65]

[66]

[67]

[68]

[69]

[70])

[71]
Appendix A.


[72

] (./thesis.aux)
 ***********
LaTeX2e <2024-06-01> patch level 2
L3 programming layer <2024-07-20>
 ***********
Package rerunfilecheck Info: File `thesis.out' has not changed.
(rerunfilecheck)             Checksum: 0D174F76A21BF130F6F98B4A64C17258;9135.
 ) 
Here is how much of TeX's memory you used:
 12363 strings out of 473579
 197417 string characters out of 5732257
 1942960 words of memory out of 5000000
 34828 multiletter control sequences out of 15000+600000
 568823 words of font info for 73 fonts, out of 8000000 for 9000
 1141 hyphenation exceptions out of 8191
 90i,11n,93p,1582b,557s stack positions out of 10000i,1000n,20000p,200000b,200000s
<c:/texlive/2024/texmf-dist/fonts/type1/public/amsfonts/cm/cmbx12.pfb><c:/tex
live/2024/texmf-dist/fonts/type1/public/amsfonts/cm/cmex10.pfb><c:/texlive/2024
/texmf-dist/fonts/type1/public/amsfonts/cm/cmmi12.pfb><c:/texlive/2024/texmf-di
st/fonts/type1/public/amsfonts/cm/cmmi6.pfb><c:/texlive/2024/texmf-dist/fonts/t
ype1/public/amsfonts/cm/cmmi8.pfb><c:/texlive/2024/texmf-dist/fonts/type1/publi
c/amsfonts/cm/cmmib10.pfb><c:/texlive/2024/texmf-dist/fonts/type1/public/amsfon
ts/cm/cmr10.pfb><c:/texlive/2024/texmf-dist/fonts/type1/public/amsfonts/cm/cmr1
2.pfb><c:/texlive/2024/texmf-dist/fonts/type1/public/amsfonts/cm/cmr17.pfb><c:/
texlive/2024/texmf-dist/fonts/type1/public/amsfonts/cm/cmr6.pfb><c:/texlive/202
4/texmf-dist/fonts/type1/public/amsfonts/cm/cmr8.pfb><c:/texlive/2024/texmf-dis
t/fonts/type1/public/amsfonts/cm/cmsy10.pfb><c:/texlive/2024/texmf-dist/fonts/t
ype1/public/amsfonts/cm/cmsy8.pfb><c:/texlive/2024/texmf-dist/fonts/type1/publi
c/amsfonts/cm/cmti12.pfb><c:/texlive/2024/texmf-dist/fonts/type1/public/amsfont
s/cm/cmtt12.pfb><c:/texlive/2024/texmf-dist/fonts/type1/public/cm-super/sfrm120
0.pfb>
Output written on thesis.pdf (83 pages, 13146368 bytes).
PDF statistics:
 1582 PDF objects out of 1728 (max. 8388607)
 1095 compressed objects within 11 object streams
 297 named destinations out of 1000 (max. 500000)
 473 words of extra memory for PDF output out of 10000 (max. 10000000)

