\BOOKMARK [0][-]{chapter*.1}{\376\377\000D\000E\000D\000I\000C\000A\000T\000I\000O\000N\000/\000E\000P\000I\000G\000R\000A\000P\000H}{}% 1
\BOOKMARK [0][-]{chapter*.2}{\376\377\000A\000C\000K\000N\000O\000W\000L\000E\000D\000G\000E\000M\000E\000N\000T\000S}{}% 2
\BOOKMARK [0][-]{chapter*.3}{\376\377\000A\000B\000S\000T\000R\000A\000C\000T}{}% 3
\BOOKMARK [0][-]{section*.4}{\376\377\000L\000I\000S\000T\000\040\000O\000F\000\040\000T\000A\000B\000L\000E\000S}{}% 4
\BOOKMARK [0][-]{section*.5}{\376\377\000L\000I\000S\000T\000\040\000O\000F\000\040\000F\000I\000G\000U\000R\000E\000S}{}% 5
\BOOKMARK [0][-]{chapter.6}{\376\377\000I\000n\000t\000r\000o\000d\000u\000c\000t\000i\000o\000n}{}% 6
\BOOKMARK [1][-]{section.7}{\376\377\000U\000n\000d\000e\000r\000w\000a\000t\000e\000r\000\040\000I\000n\000f\000r\000a\000s\000t\000r\000u\000c\000t\000u\000r\000e\000\040\000M\000o\000n\000i\000t\000o\000r\000i\000n\000g}{chapter.6}% 7
\BOOKMARK [1][-]{section.8}{\376\377\000L\000i\000m\000i\000t\000a\000t\000i\000o\000n\000s\000\040\000o\000f\000\040\000C\000o\000n\000v\000e\000n\000t\000i\000o\000n\000a\000l\000\040\000P\000l\000a\000t\000f\000o\000r\000m\000s}{chapter.6}% 8
\BOOKMARK [1][-]{section.9}{\376\377\000R\000e\000s\000e\000a\000r\000c\000h\000\040\000S\000t\000a\000t\000e\000m\000e\000n\000t}{chapter.6}% 9
\BOOKMARK [1][-]{section.10}{\376\377\000B\000i\000o\000-\000I\000n\000s\000p\000i\000r\000e\000d\000\040\000R\000o\000b\000o\000t\000i\000c\000\040\000F\000i\000s\000h}{chapter.6}% 10
\BOOKMARK [1][-]{section.11}{\376\377\0003\000D\000\040\000M\000o\000t\000i\000o\000n\000\040\000a\000n\000d\000\040\000B\000u\000o\000y\000a\000n\000c\000y\000\040\000C\000o\000n\000t\000r\000o\000l}{chapter.6}% 11
\BOOKMARK [1][-]{section.12}{\376\377\000P\000e\000r\000c\000e\000p\000t\000i\000o\000n\000\040\000a\000n\000d\000\040\000E\000n\000v\000i\000r\000o\000n\000m\000e\000n\000t\000a\000l\000\040\000S\000e\000n\000s\000i\000n\000g}{chapter.6}% 12
\BOOKMARK [2][-]{subsection.13}{\376\377\000V\000i\000s\000i\000o\000n\000-\000B\000a\000s\000e\000d\000\040\000P\000i\000p\000e\000l\000i\000n\000e\000\040\000T\000r\000a\000c\000k\000i\000n\000g}{section.12}% 13
\BOOKMARK [2][-]{subsection.14}{\376\377\000C\000O\0002\000\040\000L\000e\000a\000k\000-\000S\000o\000u\000r\000c\000e\000\040\000L\000o\000c\000a\000l\000i\000z\000a\000t\000i\000o\000n}{section.12}% 14
\BOOKMARK [2][-]{subsection.15}{\376\377\000O\000i\000l\000-\000S\000p\000i\000l\000l\000\040\000D\000e\000t\000e\000c\000t\000i\000o\000n}{section.12}% 15
\BOOKMARK [1][-]{section.16}{\376\377\000C\000o\000o\000p\000e\000r\000a\000t\000i\000v\000e\000\040\000I\000n\000s\000p\000e\000c\000t\000i\000o\000n\000\040\000a\000n\000d\000\040\000R\000e\000l\000a\000t\000i\000v\000e\000\040\000L\000o\000c\000a\000l\000i\000z\000a\000t\000i\000o\000n}{chapter.6}% 16
\BOOKMARK [1][-]{section.17}{\376\377\000R\000e\000s\000e\000a\000r\000c\000h\000\040\000O\000b\000j\000e\000c\000t\000i\000v\000e\000s}{chapter.6}% 17
\BOOKMARK [1][-]{section.23}{\376\377\000S\000u\000m\000m\000a\000r\000y\000\040\000o\000f\000\040\000C\000o\000n\000t\000r\000i\000b\000u\000t\000i\000o\000n\000s}{chapter.6}% 18
\BOOKMARK [1][-]{section.24}{\376\377\000D\000i\000s\000s\000e\000r\000t\000a\000t\000i\000o\000n\000\040\000O\000r\000g\000a\000n\000i\000z\000a\000t\000i\000o\000n}{chapter.6}% 19
\BOOKMARK [0][-]{chapter.25}{\376\377\000D\000e\000s\000i\000g\000n\000\040\000M\000e\000t\000h\000o\000d\000o\000l\000o\000g\000y\000\040\000o\000f\000\040\000t\000h\000e\000\040\000B\000u\000o\000y\000a\000n\000c\000y\000\040\000C\000o\000n\000t\000r\000o\000l\000\040\000D\000e\000v\000i\000c\000e\000\040\000a\000n\000d\000\040\000A\000q\000u\000a\000N\000a\000v\000i\000g\000a\000t\000o\000r}{}% 20
\BOOKMARK [1][-]{section.26}{\376\377\000D\000e\000s\000i\000g\000n\000\040\000o\000f\000\040\000t\000h\000e\000\040\000B\000u\000o\000y\000a\000n\000c\000y\000\040\000C\000o\000n\000t\000r\000o\000l\000\040\000D\000e\000v\000i\000c\000e}{chapter.25}% 21
\BOOKMARK [1][-]{section.28}{\376\377\000D\000e\000s\000i\000g\000n\000\040\000o\000f\000\040\000A\000q\000u\000a\000N\000a\000v\000i\000g\000a\000t\000o\000r}{chapter.25}% 22
\BOOKMARK [2][-]{subsection.29}{\376\377\000T\000a\000i\000l\000\040\000P\000r\000o\000p\000u\000l\000s\000i\000o\000n\000\040\000a\000n\000d\000\040\000S\000t\000e\000e\000r\000i\000n\000g}{section.28}% 23
\BOOKMARK [2][-]{subsection.34}{\376\377\000E\000l\000e\000c\000t\000r\000o\000n\000i\000c\000s\000,\000\040\000S\000e\000n\000s\000i\000n\000g\000,\000\040\000a\000n\000d\000\040\000E\000n\000c\000l\000o\000s\000u\000r\000e\000\040\000I\000n\000t\000e\000g\000r\000a\000t\000i\000o\000n}{section.28}% 24
\BOOKMARK [1][-]{section.37}{\376\377\000F\000a\000b\000r\000i\000c\000a\000t\000i\000o\000n\000\040\000o\000f\000\040\000t\000h\000e\000\040\000B\000C\000D\000\040\000a\000n\000d\000\040\000A\000q\000u\000a\000N\000a\000v\000i\000g\000a\000t\000o\000r}{chapter.25}% 25
\BOOKMARK [2][-]{subsection.38}{\376\377\000F\000a\000b\000r\000i\000c\000a\000t\000i\000o\000n\000\040\000a\000n\000d\000\040\000A\000s\000s\000e\000m\000b\000l\000y\000\040\000o\000f\000\040\000t\000h\000e\000\040\000B\000C\000D}{section.37}% 26
\BOOKMARK [2][-]{subsection.40}{\376\377\000F\000a\000b\000r\000i\000c\000a\000t\000i\000o\000n\000\040\000a\000n\000d\000\040\000A\000s\000s\000e\000m\000b\000l\000y\000\040\000o\000f\000\040\000A\000q\000u\000a\000N\000a\000v\000i\000g\000a\000t\000o\000r}{section.37}% 27
\BOOKMARK [0][-]{chapter.42}{\376\377\000D\000y\000n\000a\000m\000i\000c\000\040\000M\000o\000d\000e\000l\000i\000n\000g\000\040\000a\000n\000d\000\040\000V\000a\000l\000i\000d\000a\000t\000i\000o\000n}{}% 28
\BOOKMARK [1][-]{section.43}{\376\377\000M\000o\000d\000e\000l\000i\000n\000g\000\040\000o\000f\000\040\000t\000h\000e\000\040\000B\000C\000D\000\040\000a\000n\000d\000\040\000R\000o\000b\000o\000t\000i\000c\000\040\000F\000i\000s\000h}{chapter.42}% 29
\BOOKMARK [2][-]{subsection.44}{\376\377\000B\000u\000o\000y\000a\000n\000c\000y\000-\000D\000e\000v\000i\000c\000e\000\040\000F\000o\000r\000c\000e\000\040\000B\000a\000l\000a\000n\000c\000e}{section.43}% 30
\BOOKMARK [2][-]{subsection.53}{\376\377\000P\000r\000e\000s\000s\000u\000r\000e\000-\000C\000o\000u\000p\000l\000e\000d\000\040\000A\000c\000t\000u\000a\000t\000o\000r\000\040\000M\000o\000d\000e\000l}{section.43}% 31
\BOOKMARK [2][-]{subsection.63}{\376\377\000A\000q\000u\000a\000N\000a\000v\000i\000g\000a\000t\000o\000r\000\040\000D\000y\000n\000a\000m\000i\000c\000\040\000M\000o\000d\000e\000l}{section.43}% 32
\BOOKMARK [1][-]{section.91}{\376\377\000M\000o\000d\000e\000l\000\040\000V\000a\000l\000i\000d\000a\000t\000i\000o\000n\000\040\000o\000f\000\040\000t\000h\000e\000\040\000B\000C\000D}{chapter.42}% 33
\BOOKMARK [2][-]{subsection.92}{\376\377\000B\000C\000D\000\040\000M\000o\000d\000e\000l\000-\000V\000a\000l\000i\000d\000a\000t\000i\000o\000n\000\040\000S\000e\000t\000u\000p}{section.91}% 34
\BOOKMARK [2][-]{subsection.93}{\376\377\000O\000p\000e\000n\000-\000L\000o\000o\000p\000\040\000V\000a\000l\000i\000d\000a\000t\000i\000o\000n\000\040\000R\000e\000s\000u\000l\000t\000s}{section.91}% 35
\BOOKMARK [1][-]{section.95}{\376\377\000C\000h\000a\000p\000t\000e\000r\000\040\000C\000o\000n\000c\000l\000u\000s\000i\000o\000n}{chapter.42}% 36
\BOOKMARK [0][-]{chapter.96}{\376\377\000C\000o\000n\000t\000r\000o\000l\000\040\000D\000e\000s\000i\000g\000n\000\040\000a\000n\000d\000\040\000E\000x\000p\000e\000r\000i\000m\000e\000n\000t\000a\000l\000\040\000T\000e\000s\000t\000i\000n\000g}{}% 37
\BOOKMARK [1][-]{section.97}{\376\377\000M\000P\000C\000-\000B\000a\000s\000e\000d\000\040\000B\000C\000D\000\040\000C\000o\000n\000t\000r\000o\000l\000\040\000D\000e\000s\000i\000g\000n}{chapter.96}% 38
\BOOKMARK [1][-]{section.102}{\376\377\000E\000x\000t\000r\000e\000m\000u\000m\000\040\000S\000e\000e\000k\000i\000n\000g\000\040\000C\000o\000n\000t\000r\000o\000l\000\040\000o\000f\000\040\000t\000h\000e\000\040\000B\000C\000D}{chapter.96}% 39
\BOOKMARK [1][-]{section.110}{\376\377\000P\000i\000p\000e\000l\000i\000n\000e\000\040\000T\000r\000a\000c\000k\000i\000n\000g\000\040\000C\000o\000n\000t\000r\000o\000l\000\040\000o\000f\000\040\000A\000q\000u\000a\000N\000a\000v\000i\000g\000a\000t\000o\000r}{chapter.96}% 40
\BOOKMARK [1][-]{section.114}{\376\377\000R\000o\000b\000o\000t\000i\000c\000\040\000F\000i\000s\000h\000\040\000S\000i\000m\000u\000l\000a\000t\000o\000r}{chapter.96}% 41
\BOOKMARK [1][-]{section.115}{\376\377\000E\000x\000p\000e\000r\000i\000m\000e\000n\000t\000a\000l\000\040\000S\000e\000t\000u\000p}{chapter.96}% 42
\BOOKMARK [2][-]{subsection.117}{\376\377\000M\000P\000C\000\040\000D\000e\000p\000t\000h\000-\000C\000o\000n\000t\000r\000o\000l\000\040\000S\000e\000t\000u\000p}{section.115}% 43
\BOOKMARK [2][-]{subsection.118}{\376\377\000E\000S\000C\000\040\000D\000e\000p\000t\000h\000-\000C\000o\000n\000t\000r\000o\000l\000\040\000S\000e\000t\000u\000p}{section.115}% 44
\BOOKMARK [2][-]{subsection.120}{\376\377\000P\000i\000p\000e\000l\000i\000n\000e\000-\000T\000r\000a\000c\000k\000i\000n\000g\000\040\000P\000o\000o\000l\000\040\000S\000e\000t\000u\000p}{section.115}% 45
\BOOKMARK [1][-]{section.121}{\376\377\000R\000e\000s\000u\000l\000t\000s\000\040\000a\000n\000d\000\040\000D\000i\000s\000c\000u\000s\000s\000i\000o\000n}{chapter.96}% 46
\BOOKMARK [2][-]{subsection.122}{\376\377\000M\000P\000C\000\040\000D\000e\000p\000t\000h\000-\000C\000o\000n\000t\000r\000o\000l\000\040\000R\000e\000s\000u\000l\000t\000s}{section.121}% 47
\BOOKMARK [2][-]{subsection.125}{\376\377\000E\000S\000C\000\040\000D\000e\000p\000t\000h\000-\000C\000o\000n\000t\000r\000o\000l\000\040\000R\000e\000s\000u\000l\000t\000s}{section.121}% 48
\BOOKMARK [2][-]{subsection.130}{\376\377\000S\000i\000m\000u\000l\000a\000t\000o\000r\000\040\000R\000e\000s\000u\000l\000t\000s}{section.121}% 49
\BOOKMARK [2][-]{subsection.132}{\376\377\000P\000i\000p\000e\000l\000i\000n\000e\000\040\000T\000r\000a\000c\000k\000i\000n\000g\000\040\000R\000e\000s\000u\000l\000t\000s}{section.121}% 50
\BOOKMARK [1][-]{section.135}{\376\377\000C\000h\000a\000p\000t\000e\000r\000\040\000C\000o\000n\000c\000l\000u\000s\000i\000o\000n}{chapter.96}% 51
\BOOKMARK [0][-]{chapter.136}{\376\377\000R\000S\000S\000-\000B\000a\000s\000e\000d\000\040\000R\000e\000l\000a\000t\000i\000v\000e\000\040\000L\000o\000c\000a\000l\000i\000z\000a\000t\000i\000o\000n\000\040\000f\000o\000r\000\040\000U\000n\000d\000e\000r\000w\000a\000t\000e\000r\000\040\000R\000o\000b\000o\000t\000i\000c\000\040\000S\000w\000a\000r\000m\000s}{}% 52
\BOOKMARK [1][-]{section.138}{\376\377\000R\000e\000l\000a\000t\000i\000v\000e\000\040\000L\000o\000c\000a\000l\000i\000z\000a\000t\000i\000o\000n\000\040\000M\000o\000d\000e\000l}{chapter.136}% 53
\BOOKMARK [2][-]{subsection.139}{\376\377\000L\000e\000a\000d\000e\000r\000-\000F\000o\000l\000l\000o\000w\000e\000r\000\040\000C\000o\000n\000f\000i\000g\000u\000r\000a\000t\000i\000o\000n}{section.138}% 54
\BOOKMARK [2][-]{subsection.143}{\376\377\000R\000e\000l\000a\000t\000i\000v\000e\000\040\000M\000o\000t\000i\000o\000n\000\040\000M\000o\000d\000e\000l}{section.138}% 55
\BOOKMARK [2][-]{subsection.146}{\376\377\000R\000S\000S\000-\000B\000a\000s\000e\000d\000\040\000M\000e\000a\000s\000u\000r\000e\000m\000e\000n\000t\000\040\000M\000o\000d\000e\000l}{section.138}% 56
\BOOKMARK [2][-]{subsection.156}{\376\377\000I\000M\000U\000-\000B\000a\000s\000e\000d\000\040\000S\000t\000a\000t\000e\000\040\000P\000r\000o\000p\000a\000g\000a\000t\000i\000o\000n}{section.138}% 57
\BOOKMARK [2][-]{subsection.158}{\376\377\000S\000e\000n\000s\000o\000r\000\040\000F\000u\000s\000i\000o\000n\000\040\000F\000r\000a\000m\000e\000w\000o\000r\000k}{section.138}% 58
\BOOKMARK [1][-]{section.162}{\376\377\000S\000i\000m\000u\000l\000a\000t\000i\000o\000n\000\040\000F\000r\000a\000m\000e\000w\000o\000r\000k\000\040\000f\000o\000r\000\040\000L\000e\000a\000d\000e\000r\000-\000F\000o\000l\000l\000o\000w\000e\000r\000\040\000R\000o\000b\000o\000t\000i\000c\000\040\000F\000i\000s\000h}{chapter.136}% 59
\BOOKMARK [2][-]{subsection.163}{\376\377\000S\000i\000m\000u\000l\000a\000t\000o\000r\000\040\000A\000r\000c\000h\000i\000t\000e\000c\000t\000u\000r\000e}{section.162}% 60
\BOOKMARK [2][-]{subsection.164}{\376\377\000R\000o\000b\000o\000t\000i\000c\000\040\000F\000i\000s\000h\000\040\000D\000y\000n\000a\000m\000i\000c\000\040\000M\000o\000d\000e\000l}{section.162}% 61
\BOOKMARK [2][-]{subsection.165}{\376\377\000L\000e\000a\000d\000e\000r\000\040\000a\000n\000d\000\040\000F\000o\000l\000l\000o\000w\000e\000r\000\040\000T\000r\000a\000j\000e\000c\000t\000o\000r\000i\000e\000s}{section.162}% 62
\BOOKMARK [2][-]{subsection.169}{\376\377\000S\000i\000m\000u\000l\000a\000t\000e\000d\000\040\000R\000S\000S\000\040\000a\000n\000d\000\040\000I\000M\000U\000\040\000M\000e\000a\000s\000u\000r\000e\000m\000e\000n\000t\000s}{section.162}% 63
\BOOKMARK [2][-]{subsection.170}{\376\377\000D\000a\000t\000a\000\040\000L\000o\000g\000g\000i\000n\000g\000\040\000a\000n\000d\000\040\000E\000v\000a\000l\000u\000a\000t\000i\000o\000n\000\040\000M\000e\000t\000r\000i\000c\000s}{section.162}% 64
\BOOKMARK [1][-]{section.173}{\376\377\000D\000e\000s\000i\000g\000n\000\040\000o\000f\000\040\000t\000h\000e\000\040\000R\000S\000S\000\040\000L\000o\000c\000a\000l\000i\000z\000a\000t\000i\000o\000n\000\040\000D\000e\000v\000i\000c\000e}{chapter.136}% 65
\BOOKMARK [2][-]{subsection.174}{\376\377\000S\000u\000b\000-\000G\000H\000z\000\040\000R\000F\000\040\000L\000o\000c\000a\000l\000i\000z\000a\000t\000i\000o\000n\000\040\000C\000o\000n\000c\000e\000p\000t}{section.173}% 66
\BOOKMARK [2][-]{subsection.175}{\376\377\000D\000i\000r\000e\000c\000t\000i\000o\000n\000a\000l\000\040\000A\000n\000t\000e\000n\000n\000a\000\040\000A\000r\000r\000a\000n\000g\000e\000m\000e\000n\000t}{section.173}% 67
\BOOKMARK [2][-]{subsection.176}{\376\377\000M\000e\000c\000h\000a\000n\000i\000c\000a\000l\000\040\000B\000a\000s\000e\000\040\000a\000n\000d\000\040\000S\000e\000n\000s\000o\000r\000\040\000L\000a\000y\000o\000u\000t}{section.173}% 68
\BOOKMARK [2][-]{subsection.178}{\376\377\000E\000l\000e\000c\000t\000r\000o\000n\000i\000c\000s\000\040\000a\000n\000d\000\040\000D\000a\000t\000a\000-\000A\000c\000q\000u\000i\000s\000i\000t\000i\000o\000n\000\040\000S\000y\000s\000t\000e\000m}{section.173}% 69
\BOOKMARK [2][-]{subsection.180}{\376\377\000C\000o\000o\000r\000d\000i\000n\000a\000t\000e\000\040\000F\000r\000a\000m\000e\000s\000\040\000a\000n\000d\000\040\000M\000e\000a\000s\000u\000r\000e\000m\000e\000n\000t\000\040\000C\000h\000a\000n\000n\000e\000l\000s}{section.173}% 70
\BOOKMARK [1][-]{section.181}{\376\377\000E\000x\000p\000e\000r\000i\000m\000e\000n\000t\000a\000l\000\040\000S\000e\000t\000u\000p\000\040\000a\000n\000d\000\040\000D\000a\000t\000a\000\040\000C\000o\000l\000l\000e\000c\000t\000i\000o\000n}{chapter.136}% 71
\BOOKMARK [2][-]{subsection.182}{\376\377\000W\000a\000t\000e\000r\000-\000T\000a\000n\000k\000\040\000E\000x\000p\000e\000r\000i\000m\000e\000n\000t\000a\000l\000\040\000S\000e\000t\000u\000p}{section.181}% 72
\BOOKMARK [2][-]{subsection.184}{\376\377\000G\000r\000o\000u\000n\000d\000-\000T\000r\000u\000t\000h\000\040\000M\000e\000a\000s\000u\000r\000e\000m\000e\000n\000t\000\040\000S\000y\000s\000t\000e\000m}{section.181}% 73
\BOOKMARK [2][-]{subsection.185}{\376\377\000R\000S\000S\000\040\000a\000n\000d\000\040\000I\000M\000U\000\040\000D\000a\000t\000a\000\040\000C\000o\000l\000l\000e\000c\000t\000i\000o\000n}{section.181}% 74
\BOOKMARK [2][-]{subsection.186}{\376\377\000D\000a\000t\000a\000s\000e\000t\000\040\000C\000o\000n\000s\000t\000r\000u\000c\000t\000i\000o\000n\000\040\000a\000n\000d\000\040\000P\000r\000e\000p\000r\000o\000c\000e\000s\000s\000i\000n\000g}{section.181}% 75
\BOOKMARK [1][-]{section.187}{\376\377\000L\000e\000a\000r\000n\000i\000n\000g\000-\000B\000a\000s\000e\000d\000\040\000L\000o\000c\000a\000l\000i\000z\000a\000t\000i\000o\000n\000\040\000M\000e\000t\000h\000o\000d}{chapter.136}% 76
\BOOKMARK [2][-]{subsection.188}{\376\377\000F\000e\000a\000t\000u\000r\000e\000\040\000R\000e\000p\000r\000e\000s\000e\000n\000t\000a\000t\000i\000o\000n}{section.187}% 77
\BOOKMARK [2][-]{subsection.192}{\376\377\000R\000F\000-\000O\000n\000l\000y\000\040\000L\000o\000c\000a\000l\000i\000z\000a\000t\000i\000o\000n}{section.187}% 78
\BOOKMARK [2][-]{subsection.193}{\376\377\000R\000F\000-\000I\000M\000U\000\040\000F\000u\000s\000i\000o\000n}{section.187}% 79
\BOOKMARK [2][-]{subsection.201}{\376\377\000T\000r\000a\000i\000n\000i\000n\000g\000\040\000a\000n\000d\000\040\000T\000e\000s\000t\000i\000n\000g\000\040\000P\000r\000o\000c\000e\000d\000u\000r\000e}{section.187}% 80
\BOOKMARK [2][-]{subsection.203}{\376\377\000E\000v\000a\000l\000u\000a\000t\000i\000o\000n\000\040\000M\000e\000t\000r\000i\000c\000s}{section.187}% 81
\BOOKMARK [1][-]{section.204}{\376\377\000R\000e\000s\000u\000l\000t\000s\000\040\000a\000n\000d\000\040\000D\000i\000s\000c\000u\000s\000s\000i\000o\000n}{chapter.136}% 82
\BOOKMARK [2][-]{subsection.205}{\376\377\000E\000x\000p\000e\000r\000i\000m\000e\000n\000t\000a\000l\000\040\000R\000F\000-\000O\000n\000l\000y\000\040\000L\000o\000c\000a\000l\000i\000z\000a\000t\000i\000o\000n\000\040\000R\000e\000s\000u\000l\000t\000s}{section.204}% 83
\BOOKMARK [2][-]{subsection.206}{\376\377\000E\000x\000p\000e\000r\000i\000m\000e\000n\000t\000a\000l\000\040\000R\000F\000-\000I\000M\000U\000\040\000L\000o\000c\000a\000l\000i\000z\000a\000t\000i\000o\000n\000\040\000R\000e\000s\000u\000l\000t\000s}{section.204}% 84
\BOOKMARK [2][-]{subsection.213}{\376\377\000L\000e\000a\000d\000e\000r\000-\000F\000o\000l\000l\000o\000w\000e\000r\000\040\000S\000i\000m\000u\000l\000a\000t\000i\000o\000n\000\040\000R\000e\000s\000u\000l\000t\000s}{section.204}% 85
\BOOKMARK [2][-]{subsection.218}{\376\377\000D\000i\000s\000c\000u\000s\000s\000i\000o\000n}{section.204}% 86
\BOOKMARK [1][-]{section.219}{\376\377\000F\000u\000t\000u\000r\000e\000\040\000W\000o\000r\000k}{chapter.136}% 87
\BOOKMARK [1][-]{section.220}{\376\377\000C\000h\000a\000p\000t\000e\000r\000\040\000C\000o\000n\000c\000l\000u\000s\000i\000o\000n}{chapter.136}% 88
\BOOKMARK [0][-]{chapter.221}{\376\377\000S\000a\000f\000e\000t\000y\000,\000\040\000I\000n\000s\000p\000e\000c\000t\000i\000o\000n\000,\000\040\000a\000n\000d\000\040\000M\000o\000n\000i\000t\000o\000r\000i\000n\000g\000\040\000o\000f\000\040\000U\000n\000d\000e\000r\000w\000a\000t\000e\000r\000\040\000I\000n\000f\000r\000a\000s\000t\000r\000u\000c\000t\000u\000r\000e}{}% 89
\BOOKMARK [1][-]{section.222}{\376\377\000A\000q\000u\000a\000N\000a\000v\000i\000g\000a\000t\000o\000r\000\040\000a\000s\000\040\000a\000\040\000M\000o\000b\000i\000l\000e\000\040\000S\000e\000n\000s\000i\000n\000g\000\040\000P\000l\000a\000t\000f\000o\000r\000m}{chapter.221}% 90
\BOOKMARK [1][-]{section.223}{\376\377\000C\000O\0002\000\040\000L\000e\000a\000k\000\040\000S\000o\000u\000r\000c\000e\000\040\000L\000o\000c\000a\000l\000i\000z\000a\000t\000i\000o\000n}{chapter.221}% 91
\BOOKMARK [2][-]{subsection.224}{\376\377\000M\000o\000t\000i\000v\000a\000t\000i\000o\000n\000\040\000a\000n\000d\000\040\000S\000e\000n\000s\000i\000n\000g\000\040\000S\000t\000r\000a\000t\000e\000g\000y}{section.223}% 92
\BOOKMARK [2][-]{subsection.225}{\376\377\000E\000x\000p\000e\000r\000i\000m\000e\000n\000t\000a\000l\000\040\000S\000e\000t\000u\000p\000\040\000a\000n\000d\000\040\000D\000a\000t\000a\000\040\000C\000o\000l\000l\000e\000c\000t\000i\000o\000n}{section.223}% 93
\BOOKMARK [2][-]{subsection.230}{\376\377\000L\000o\000c\000a\000l\000i\000z\000a\000t\000i\000o\000n\000\040\000M\000e\000t\000h\000o\000d}{section.223}% 94
\BOOKMARK [1][-]{section.234}{\376\377\000O\000i\000l\000\040\000S\000p\000i\000l\000l\000\040\000D\000e\000t\000e\000c\000t\000i\000o\000n}{chapter.221}% 95
\BOOKMARK [2][-]{subsection.235}{\376\377\000M\000o\000t\000i\000v\000a\000t\000i\000o\000n\000\040\000a\000n\000d\000\040\000O\000E\000C\000T\000\040\000S\000e\000n\000s\000i\000n\000g\000\040\000P\000r\000i\000n\000c\000i\000p\000l\000e}{section.234}% 96
\BOOKMARK [2][-]{subsection.236}{\376\377\000S\000i\000g\000n\000a\000l\000\040\000C\000o\000n\000d\000i\000t\000i\000o\000n\000i\000n\000g\000\040\000a\000n\000d\000\040\000P\000l\000a\000t\000f\000o\000r\000m\000\040\000I\000n\000t\000e\000g\000r\000a\000t\000i\000o\000n}{section.234}% 97
\BOOKMARK [2][-]{subsection.239}{\376\377\000E\000x\000p\000e\000r\000i\000m\000e\000n\000t\000a\000l\000\040\000S\000e\000t\000u\000p\000\040\000a\000n\000d\000\040\000D\000e\000t\000e\000c\000t\000i\000o\000n\000\040\000M\000e\000t\000h\000o\000d}{section.234}% 98
\BOOKMARK [1][-]{section.244}{\376\377\000R\000e\000s\000u\000l\000t\000s\000\040\000a\000n\000d\000\040\000D\000i\000s\000c\000u\000s\000s\000i\000o\000n}{chapter.221}% 99
\BOOKMARK [2][-]{subsection.245}{\376\377\000C\000O\0002\000\040\000L\000e\000a\000k\000\040\000L\000o\000c\000a\000l\000i\000z\000a\000t\000i\000o\000n\000\040\000R\000e\000s\000u\000l\000t\000s}{section.244}% 100
\BOOKMARK [2][-]{subsection.254}{\376\377\000O\000i\000l\000\040\000S\000p\000i\000l\000l\000\040\000D\000e\000t\000e\000c\000t\000i\000o\000n\000\040\000R\000e\000s\000u\000l\000t\000s}{section.244}% 101
\BOOKMARK [2][-]{subsection.260}{\376\377\000S\000y\000s\000t\000e\000m\000-\000L\000e\000v\000e\000l\000\040\000D\000i\000s\000c\000u\000s\000s\000i\000o\000n}{section.244}% 102
\BOOKMARK [1][-]{section.261}{\376\377\000C\000h\000a\000p\000t\000e\000r\000\040\000C\000o\000n\000c\000l\000u\000s\000i\000o\000n}{chapter.221}% 103
\BOOKMARK [0][-]{chapter.262}{\376\377\000C\000o\000n\000c\000l\000u\000s\000i\000o\000n\000s\000\040\000a\000n\000d\000\040\000F\000u\000t\000u\000r\000e\000\040\000W\000o\000r\000k}{}% 104
\BOOKMARK [1][-]{section.263}{\376\377\000M\000a\000i\000n\000\040\000F\000i\000n\000d\000i\000n\000g\000s}{chapter.262}% 105
\BOOKMARK [1][-]{section.264}{\376\377\000F\000u\000t\000u\000r\000e\000\040\000W\000o\000r\000k}{chapter.262}% 106
\BOOKMARK [1][-]{section.265}{\376\377\000C\000l\000o\000s\000i\000n\000g\000\040\000R\000e\000m\000a\000r\000k\000s}{chapter.262}% 107
\BOOKMARK [0][-]{section.265}{\376\377\000R\000E\000F\000E\000R\000E\000N\000C\000E\000S}{}% 108
