This is pdfTeX, Version 3.141592653-2.6-1.40.26 (TeX Live 2024) (preloaded format=pdflatex 2024.8.26)  14 JUL 2026 10:14
entering extended mode
 restricted \write18 enabled.
 file:line:error style messages enabled.
 %&-line parsing enabled.
**Dissertation_Thesis_Masood.tex
(./Dissertation_Thesis_Masood.tex
LaTeX2e <2024-06-01> patch level 2
L3 programming layer <2024-07-20>
(./uhcoethesis.cls
Document Class: uhcoethesis 2026/05/29 University of Houston thesis class
(c:/texlive/2024/texmf-dist/tex/latex/base/report.cls
Document Class: report 2024/02/08 v1.4n Standard LaTeX document class
(c:/texlive/2024/texmf-dist/tex/latex/base/size12.clo
File: size12.clo 2024/02/08 v1.4n Standard LaTeX file (size option)
)
\c@part=\count194
\c@chapter=\count195
\c@section=\count196
\c@subsection=\count197
\c@subsubsection=\count198
\c@paragraph=\count199
\c@subparagraph=\count266
\c@figure=\count267
\c@table=\count268
\abovecaptionskip=\skip49
\belowcaptionskip=\skip50
\bibindent=\dimen141
)
(c:/texlive/2024/texmf-dist/tex/latex/geometry/geometry.sty
Package: geometry 2020/01/02 v5.9 Page Geometry

(c:/texlive/2024/texmf-dist/tex/latex/graphics/keyval.sty
Package: keyval 2022/05/29 v1.15 key=value parser (DPC)
\KV@toks@=\toks17
)
(c:/texlive/2024/texmf-dist/tex/generic/iftex/ifvtex.sty
Package: ifvtex 2019/10/25 v1.7 ifvtex legacy package. Use iftex instead.

(c:/texlive/2024/texmf-dist/tex/generic/iftex/iftex.sty
Package: iftex 2022/02/03 v1.0f TeX engine tests
))
\Gm@cnth=\count269
\Gm@cntv=\count270
\c@Gm@tempcnt=\count271
\Gm@bindingoffset=\dimen142
\Gm@wd@mp=\dimen143
\Gm@odd@mp=\dimen144
\Gm@even@mp=\dimen145
\Gm@layoutwidth=\dimen146
\Gm@layoutheight=\dimen147
\Gm@layouthoffset=\dimen148
\Gm@layoutvoffset=\dimen149
\Gm@dimlist=\toks18
)
(c:/texlive/2024/texmf-dist/tex/latex/setspace/setspace.sty
Package: setspace 2022/12/04 v6.7b set line spacing
)
(c:/texlive/2024/texmf-dist/tex/latex/caption/caption.sty
Package: caption 2023/08/05 v3.6o Customizing captions (AR)

(c:/texlive/2024/texmf-dist/tex/latex/caption/caption3.sty
Package: caption3 2023/07/31 v2.4d caption3 kernel (AR)
\caption@tempdima=\dimen150
\captionmargin=\dimen151
\caption@leftmargin=\dimen152
\caption@rightmargin=\dimen153
\caption@width=\dimen154
\caption@indent=\dimen155
\caption@parindent=\dimen156
\caption@hangindent=\dimen157
Package caption Info: Standard document class detected.
)
\c@caption@flags=\count272
\c@continuedfloat=\count273
)
(c:/texlive/2024/texmf-dist/tex/latex/titlesec/titlesec.sty
Package: titlesec 2023/10/27 v2.16 Sectioning titles
\ttl@box=\box52
\beforetitleunit=\skip51
\aftertitleunit=\skip52
\ttl@plus=\dimen158
\ttl@minus=\dimen159
\ttl@toksa=\toks19
\titlewidth=\dimen160
\titlewidthlast=\dimen161
\titlewidthfirst=\dimen162
)
(c:/texlive/2024/texmf-dist/tex/latex/tocloft/tocloft.sty
Package: tocloft 2017/08/31 v2.3i parameterised ToC, etc., typesetting
Package tocloft Info: The document has chapter divisions on input line 51.
\cftparskip=\skip53
\cftbeforetoctitleskip=\skip54
\cftaftertoctitleskip=\skip55
\cftbeforepartskip=\skip56
\cftpartnumwidth=\skip57
\cftpartindent=\skip58
\cftbeforechapskip=\skip59
\cftchapindent=\skip60
\cftchapnumwidth=\skip61
\cftbeforesecskip=\skip62
\cftsecindent=\skip63
\cftsecnumwidth=\skip64
\cftbeforesubsecskip=\skip65
\cftsubsecindent=\skip66
\cftsubsecnumwidth=\skip67
\cftbeforesubsubsecskip=\skip68
\cftsubsubsecindent=\skip69
\cftsubsubsecnumwidth=\skip70
\cftbeforeparaskip=\skip71
\cftparaindent=\skip72
\cftparanumwidth=\skip73
\cftbeforesubparaskip=\skip74
\cftsubparaindent=\skip75
\cftsubparanumwidth=\skip76
\cftbeforeloftitleskip=\skip77
\cftafterloftitleskip=\skip78
\cftbeforefigskip=\skip79
\cftfigindent=\skip80
\cftfignumwidth=\skip81
\c@lofdepth=\count274
\c@lotdepth=\count275
\cftbeforelottitleskip=\skip82
\cftafterlottitleskip=\skip83
\cftbeforetabskip=\skip84
\cfttabindent=\skip85
\cfttabnumwidth=\skip86
)
(c:/texlive/2024/texmf-dist/tex/latex/etoolbox/etoolbox.sty
Package: etoolbox 2020/10/05 v2.5k e-TeX tools for LaTeX (JAW)
\etb@tempcnta=\count276
)
(c:/texlive/2024/texmf-dist/tex/latex/amsmath/amsmath.sty
Package: amsmath 2024/05/23 v2.17q AMS math features
\@mathmargin=\skip87

For additional information on amsmath, use the `?' option.
(c:/texlive/2024/texmf-dist/tex/latex/amsmath/amstext.sty
Package: amstext 2021/08/26 v2.01 AMS text

(c:/texlive/2024/texmf-dist/tex/latex/amsmath/amsgen.sty
File: amsgen.sty 1999/11/30 v2.0 generic functions
\@emptytoks=\toks20
\ex@=\dimen163
))
(c:/texlive/2024/texmf-dist/tex/latex/amsmath/amsbsy.sty
Package: amsbsy 1999/11/29 v1.2d Bold Symbols
\pmbraise@=\dimen164
)
(c:/texlive/2024/texmf-dist/tex/latex/amsmath/amsopn.sty
Package: amsopn 2022/04/08 v2.04 operator names
)
\inf@bad=\count277
LaTeX Info: Redefining \frac on input line 233.
\uproot@=\count278
\leftroot@=\count279
LaTeX Info: Redefining \overline on input line 398.
LaTeX Info: Redefining \colon on input line 409.
\classnum@=\count280
\DOTSCASE@=\count281
LaTeX Info: Redefining \ldots on input line 495.
LaTeX Info: Redefining \dots on input line 498.
LaTeX Info: Redefining \cdots on input line 619.
\Mathstrutbox@=\box53
\strutbox@=\box54
LaTeX Info: Redefining \big on input line 721.
LaTeX Info: Redefining \Big on input line 722.
LaTeX Info: Redefining \bigg on input line 723.
LaTeX Info: Redefining \Bigg on input line 724.
\big@size=\dimen165
LaTeX Font Info:    Redeclaring font encoding OML on input line 742.
LaTeX Font Info:    Redeclaring font encoding OMS on input line 743.
\macc@depth=\count282
LaTeX Info: Redefining \bmod on input line 904.
LaTeX Info: Redefining \pmod on input line 909.
LaTeX Info: Redefining \smash on input line 939.
LaTeX Info: Redefining \relbar on input line 969.
LaTeX Info: Redefining \Relbar on input line 970.
\c@MaxMatrixCols=\count283
\dotsspace@=\muskip17
\c@parentequation=\count284
\dspbrk@lvl=\count285
\tag@help=\toks21
\row@=\count286
\column@=\count287
\maxfields@=\count288
\andhelp@=\toks22
\eqnshift@=\dimen166
\alignsep@=\dimen167
\tagshift@=\dimen168
\tagwidth@=\dimen169
\totwidth@=\dimen170
\lineht@=\dimen171
\@envbody=\toks23
\multlinegap=\skip88
\multlinetaggap=\skip89
\mathdisplay@stack=\toks24
LaTeX Info: Redefining \[ on input line 2953.
LaTeX Info: Redefining \] on input line 2954.
)
(c:/texlive/2024/texmf-dist/tex/latex/graphics/graphicx.sty
Package: graphicx 2021/09/16 v1.2d Enhanced LaTeX Graphics (DPC,SPQR)

(c:/texlive/2024/texmf-dist/tex/latex/graphics/graphics.sty
Package: graphics 2024/05/23 v1.4g Standard LaTeX Graphics (DPC,SPQR)

(c:/texlive/2024/texmf-dist/tex/latex/graphics/trig.sty
Package: trig 2023/12/02 v1.11 sin cos tan (DPC)
)
(c:/texlive/2024/texmf-dist/tex/latex/graphics-cfg/graphics.cfg
File: graphics.cfg 2016/06/04 v1.11 sample graphics configuration
)
Package graphics Info: Driver file: pdftex.def on input line 106.

(c:/texlive/2024/texmf-dist/tex/latex/graphics-def/pdftex.def
File: pdftex.def 2024/04/13 v1.2c Graphics/color driver for pdftex
))
\Gin@req@height=\dimen172
\Gin@req@width=\dimen173
)
(c:/texlive/2024/texmf-dist/tex/latex/hyperref/hyperref.sty
Package: hyperref 2024-07-10 v7.01j Hypertext links for LaTeX

(c:/texlive/2024/texmf-dist/tex/latex/kvsetkeys/kvsetkeys.sty
Package: kvsetkeys 2022-10-05 v1.19 Key value parser (HO)
)
(c:/texlive/2024/texmf-dist/tex/generic/kvdefinekeys/kvdefinekeys.sty
Package: kvdefinekeys 2019-12-19 v1.6 Define keys (HO)
)
(c:/texlive/2024/texmf-dist/tex/generic/pdfescape/pdfescape.sty
Package: pdfescape 2019/12/09 v1.15 Implements pdfTeX's escape features (HO)

(c:/texlive/2024/texmf-dist/tex/generic/ltxcmds/ltxcmds.sty
Package: ltxcmds 2023-12-04 v1.26 LaTeX kernel commands for general use (HO)
)
(c:/texlive/2024/texmf-dist/tex/generic/pdftexcmds/pdftexcmds.sty
Package: pdftexcmds 2020-06-27 v0.33 Utility functions of pdfTeX for LuaTeX (HO
)

(c:/texlive/2024/texmf-dist/tex/generic/infwarerr/infwarerr.sty
Package: infwarerr 2019/12/03 v1.5 Providing info/warning/error messages (HO)
)
Package pdftexcmds Info: \pdf@primitive is available.
Package pdftexcmds Info: \pdf@ifprimitive is available.
Package pdftexcmds Info: \pdfdraftmode found.
))
(c:/texlive/2024/texmf-dist/tex/latex/hycolor/hycolor.sty
Package: hycolor 2020-01-27 v1.10 Color options for hyperref/bookmark (HO)
)
(c:/texlive/2024/texmf-dist/tex/latex/hyperref/nameref.sty
Package: nameref 2023-11-26 v2.56 Cross-referencing by name of section

(c:/texlive/2024/texmf-dist/tex/latex/refcount/refcount.sty
Package: refcount 2019/12/15 v3.6 Data extraction from label references (HO)
)
(c:/texlive/2024/texmf-dist/tex/generic/gettitlestring/gettitlestring.sty
Package: gettitlestring 2019/12/15 v1.6 Cleanup title references (HO)

(c:/texlive/2024/texmf-dist/tex/latex/kvoptions/kvoptions.sty
Package: kvoptions 2022-06-15 v3.15 Key value format for package options (HO)
))
\c@section@level=\count289
)
(c:/texlive/2024/texmf-dist/tex/generic/stringenc/stringenc.sty
Package: stringenc 2019/11/29 v1.12 Convert strings between diff. encodings (HO
)
)
\@linkdim=\dimen174
\Hy@linkcounter=\count290
\Hy@pagecounter=\count291

(c:/texlive/2024/texmf-dist/tex/latex/hyperref/pd1enc.def
File: pd1enc.def 2024-07-10 v7.01j Hyperref: PDFDocEncoding definition (HO)
Now handling font encoding PD1 ...
... no UTF-8 mapping file for font encoding PD1
)
(c:/texlive/2024/texmf-dist/tex/generic/intcalc/intcalc.sty
Package: intcalc 2019/12/15 v1.3 Expandable calculations with integers (HO)
)
\Hy@SavedSpaceFactor=\count292

(c:/texlive/2024/texmf-dist/tex/latex/hyperref/puenc.def
File: puenc.def 2024-07-10 v7.01j Hyperref: PDF Unicode definition (HO)
Now handling font encoding PU ...
... no UTF-8 mapping file for font encoding PU
)
Package hyperref Info: Option `hypertexnames' set `false' on input line 4040.
Package hyperref Info: Hyper figures OFF on input line 4157.
Package hyperref Info: Link nesting OFF on input line 4162.
Package hyperref Info: Hyper index ON on input line 4165.
Package hyperref Info: Plain pages OFF on input line 4172.
Package hyperref Info: Backreferencing OFF on input line 4177.
Package hyperref Info: Implicit mode ON; LaTeX internals redefined.
Package hyperref Info: Bookmarks ON on input line 4424.
\c@Hy@tempcnt=\count293

(c:/texlive/2024/texmf-dist/tex/latex/url/url.sty
\Urlmuskip=\muskip18
Package: url 2013/09/16  ver 3.4  Verb mode for urls, etc.
)
LaTeX Info: Redefining \url on input line 4763.
\XeTeXLinkMargin=\dimen175

(c:/texlive/2024/texmf-dist/tex/generic/bitset/bitset.sty
Package: bitset 2019/12/09 v1.3 Handle bit-vector datatype (HO)

(c:/texlive/2024/texmf-dist/tex/generic/bigintcalc/bigintcalc.sty
Package: bigintcalc 2019/12/15 v1.5 Expandable calculations on big integers (HO
)
))
\Fld@menulength=\count294
\Field@Width=\dimen176
\Fld@charsize=\dimen177
Package hyperref Info: Hyper figures OFF on input line 6042.
Package hyperref Info: Link nesting OFF on input line 6047.
Package hyperref Info: Hyper index ON on input line 6050.
Package hyperref Info: backreferencing OFF on input line 6057.
Package hyperref Info: Link coloring OFF on input line 6062.
Package hyperref Info: Link coloring with OCG OFF on input line 6067.
Package hyperref Info: PDF/A mode OFF on input line 6072.

(c:/texlive/2024/texmf-dist/tex/latex/base/atbegshi-ltx.sty
Package: atbegshi-ltx 2021/01/10 v1.0c Emulation of the original atbegshi
package with kernel methods
)
\Hy@abspage=\count295
\c@Item=\count296
\c@Hfootnote=\count297
)
Package hyperref Info: Driver (autodetected): hpdftex.

(c:/texlive/2024/texmf-dist/tex/latex/hyperref/hpdftex.def
File: hpdftex.def 2024-07-10 v7.01j Hyperref driver for pdfTeX

(c:/texlive/2024/texmf-dist/tex/latex/base/atveryend-ltx.sty
Package: atveryend-ltx 2020/08/19 v1.0a Emulation of the original atveryend pac
kage
with kernel methods
)
\Fld@listcount=\count298
\c@bookmark@seq@number=\count299

(c:/texlive/2024/texmf-dist/tex/latex/rerunfilecheck/rerunfilecheck.sty
Package: rerunfilecheck 2022-07-10 v1.10 Rerun checks for auxiliary files (HO)

(c:/texlive/2024/texmf-dist/tex/generic/uniquecounter/uniquecounter.sty
Package: uniquecounter 2019/12/15 v1.4 Provide unlimited unique counter (HO)
)
Package uniquecounter Info: New unique counter `rerunfilecheck' on input line 2
85.
)
\Hy@SectionHShift=\skip90
))
(c:/texlive/2024/texmf-dist/tex/latex/pgf/frontendlayer/tikz.sty
(c:/texlive/2024/texmf-dist/tex/latex/pgf/basiclayer/pgf.sty
(c:/texlive/2024/texmf-dist/tex/latex/pgf/utilities/pgfrcs.sty
(c:/texlive/2024/texmf-dist/tex/generic/pgf/utilities/pgfutil-common.tex
\pgfutil@everybye=\toks25
\pgfutil@tempdima=\dimen178
\pgfutil@tempdimb=\dimen179
)
(c:/texlive/2024/texmf-dist/tex/generic/pgf/utilities/pgfutil-latex.def
\pgfutil@abb=\box55
)
(c:/texlive/2024/texmf-dist/tex/generic/pgf/utilities/pgfrcs.code.tex
(c:/texlive/2024/texmf-dist/tex/generic/pgf/pgf.revision.tex)
Package: pgfrcs 2023-01-15 v3.1.10 (3.1.10)
))
Package: pgf 2023-01-15 v3.1.10 (3.1.10)

(c:/texlive/2024/texmf-dist/tex/latex/pgf/basiclayer/pgfcore.sty
(c:/texlive/2024/texmf-dist/tex/latex/pgf/systemlayer/pgfsys.sty
(c:/texlive/2024/texmf-dist/tex/generic/pgf/systemlayer/pgfsys.code.tex
Package: pgfsys 2023-01-15 v3.1.10 (3.1.10)

(c:/texlive/2024/texmf-dist/tex/generic/pgf/utilities/pgfkeys.code.tex
\pgfkeys@pathtoks=\toks26
\pgfkeys@temptoks=\toks27

(c:/texlive/2024/texmf-dist/tex/generic/pgf/utilities/pgfkeyslibraryfiltered.co
de.tex
\pgfkeys@tmptoks=\toks28
))
\pgf@x=\dimen180
\pgf@y=\dimen181
\pgf@xa=\dimen182
\pgf@ya=\dimen183
\pgf@xb=\dimen184
\pgf@yb=\dimen185
\pgf@xc=\dimen186
\pgf@yc=\dimen187
\pgf@xd=\dimen188
\pgf@yd=\dimen189
\w@pgf@writea=\write3
\r@pgf@reada=\read2
\c@pgf@counta=\count300
\c@pgf@countb=\count301
\c@pgf@countc=\count302
\c@pgf@countd=\count303
\t@pgf@toka=\toks29
\t@pgf@tokb=\toks30
\t@pgf@tokc=\toks31
\pgf@sys@id@count=\count304
 (c:/texlive/2024/texmf-dist/tex/generic/pgf/systemlayer/pgf.cfg
File: pgf.cfg 2023-01-15 v3.1.10 (3.1.10)
)
Driver file for pgf: pgfsys-pdftex.def

(c:/texlive/2024/texmf-dist/tex/generic/pgf/systemlayer/pgfsys-pdftex.def
File: pgfsys-pdftex.def 2023-01-15 v3.1.10 (3.1.10)

(c:/texlive/2024/texmf-dist/tex/generic/pgf/systemlayer/pgfsys-common-pdf.def
File: pgfsys-common-pdf.def 2023-01-15 v3.1.10 (3.1.10)
)))
(c:/texlive/2024/texmf-dist/tex/generic/pgf/systemlayer/pgfsyssoftpath.code.tex
File: pgfsyssoftpath.code.tex 2023-01-15 v3.1.10 (3.1.10)
\pgfsyssoftpath@smallbuffer@items=\count305
\pgfsyssoftpath@bigbuffer@items=\count306
)
(c:/texlive/2024/texmf-dist/tex/generic/pgf/systemlayer/pgfsysprotocol.code.tex
File: pgfsysprotocol.code.tex 2023-01-15 v3.1.10 (3.1.10)
)) (c:/texlive/2024/texmf-dist/tex/latex/xcolor/xcolor.sty
Package: xcolor 2023/11/15 v3.01 LaTeX color extensions (UK)

(c:/texlive/2024/texmf-dist/tex/latex/graphics-cfg/color.cfg
File: color.cfg 2016/01/02 v1.6 sample color configuration
)
Package xcolor Info: Driver file: pdftex.def on input line 274.

(c:/texlive/2024/texmf-dist/tex/latex/graphics/mathcolor.ltx)
Package xcolor Info: Model `cmy' substituted by `cmy0' on input line 1350.
Package xcolor Info: Model `hsb' substituted by `rgb' on input line 1354.
Package xcolor Info: Model `RGB' extended on input line 1366.
Package xcolor Info: Model `HTML' substituted by `rgb' on input line 1368.
Package xcolor Info: Model `Hsb' substituted by `hsb' on input line 1369.
Package xcolor Info: Model `tHsb' substituted by `hsb' on input line 1370.
Package xcolor Info: Model `HSB' substituted by `hsb' on input line 1371.
Package xcolor Info: Model `Gray' substituted by `gray' on input line 1372.
Package xcolor Info: Model `wave' substituted by `hsb' on input line 1373.
)
(c:/texlive/2024/texmf-dist/tex/generic/pgf/basiclayer/pgfcore.code.tex
Package: pgfcore 2023-01-15 v3.1.10 (3.1.10)

(c:/texlive/2024/texmf-dist/tex/generic/pgf/math/pgfmath.code.tex
(c:/texlive/2024/texmf-dist/tex/generic/pgf/math/pgfmathutil.code.tex)
(c:/texlive/2024/texmf-dist/tex/generic/pgf/math/pgfmathparser.code.tex
\pgfmath@dimen=\dimen190
\pgfmath@count=\count307
\pgfmath@box=\box56
\pgfmath@toks=\toks32
\pgfmath@stack@operand=\toks33
\pgfmath@stack@operation=\toks34
)
(c:/texlive/2024/texmf-dist/tex/generic/pgf/math/pgfmathfunctions.code.tex)
(c:/texlive/2024/texmf-dist/tex/generic/pgf/math/pgfmathfunctions.basic.code.te
x)
(c:/texlive/2024/texmf-dist/tex/generic/pgf/math/pgfmathfunctions.trigonometric
.code.tex)
(c:/texlive/2024/texmf-dist/tex/generic/pgf/math/pgfmathfunctions.random.code.t
ex)
(c:/texlive/2024/texmf-dist/tex/generic/pgf/math/pgfmathfunctions.comparison.co
de.tex)
(c:/texlive/2024/texmf-dist/tex/generic/pgf/math/pgfmathfunctions.base.code.tex
)
(c:/texlive/2024/texmf-dist/tex/generic/pgf/math/pgfmathfunctions.round.code.te
x)
(c:/texlive/2024/texmf-dist/tex/generic/pgf/math/pgfmathfunctions.misc.code.tex
)
(c:/texlive/2024/texmf-dist/tex/generic/pgf/math/pgfmathfunctions.integerarithm
etics.code.tex)
(c:/texlive/2024/texmf-dist/tex/generic/pgf/math/pgfmathcalc.code.tex)
(c:/texlive/2024/texmf-dist/tex/generic/pgf/math/pgfmathfloat.code.tex
\c@pgfmathroundto@lastzeros=\count308
))
(c:/texlive/2024/texmf-dist/tex/generic/pgf/math/pgfint.code.tex)
(c:/texlive/2024/texmf-dist/tex/generic/pgf/basiclayer/pgfcorepoints.code.tex
File: pgfcorepoints.code.tex 2023-01-15 v3.1.10 (3.1.10)
\pgf@picminx=\dimen191
\pgf@picmaxx=\dimen192
\pgf@picminy=\dimen193
\pgf@picmaxy=\dimen194
\pgf@pathminx=\dimen195
\pgf@pathmaxx=\dimen196
\pgf@pathminy=\dimen197
\pgf@pathmaxy=\dimen198
\pgf@xx=\dimen199
\pgf@xy=\dimen256
\pgf@yx=\dimen257
\pgf@yy=\dimen258
\pgf@zx=\dimen259
\pgf@zy=\dimen260
)
(c:/texlive/2024/texmf-dist/tex/generic/pgf/basiclayer/pgfcorepathconstruct.cod
e.tex
File: pgfcorepathconstruct.code.tex 2023-01-15 v3.1.10 (3.1.10)
\pgf@path@lastx=\dimen261
\pgf@path@lasty=\dimen262
)
(c:/texlive/2024/texmf-dist/tex/generic/pgf/basiclayer/pgfcorepathusage.code.te
x
File: pgfcorepathusage.code.tex 2023-01-15 v3.1.10 (3.1.10)
\pgf@shorten@end@additional=\dimen263
\pgf@shorten@start@additional=\dimen264
)
(c:/texlive/2024/texmf-dist/tex/generic/pgf/basiclayer/pgfcorescopes.code.tex
File: pgfcorescopes.code.tex 2023-01-15 v3.1.10 (3.1.10)
\pgfpic=\box57
\pgf@hbox=\box58
\pgf@layerbox@main=\box59
\pgf@picture@serial@count=\count309
)
(c:/texlive/2024/texmf-dist/tex/generic/pgf/basiclayer/pgfcoregraphicstate.code
.tex
File: pgfcoregraphicstate.code.tex 2023-01-15 v3.1.10 (3.1.10)
\pgflinewidth=\dimen265
)
(c:/texlive/2024/texmf-dist/tex/generic/pgf/basiclayer/pgfcoretransformations.c
ode.tex
File: pgfcoretransformations.code.tex 2023-01-15 v3.1.10 (3.1.10)
\pgf@pt@x=\dimen266
\pgf@pt@y=\dimen267
\pgf@pt@temp=\dimen268
)
(c:/texlive/2024/texmf-dist/tex/generic/pgf/basiclayer/pgfcorequick.code.tex
File: pgfcorequick.code.tex 2023-01-15 v3.1.10 (3.1.10)
)
(c:/texlive/2024/texmf-dist/tex/generic/pgf/basiclayer/pgfcoreobjects.code.tex
File: pgfcoreobjects.code.tex 2023-01-15 v3.1.10 (3.1.10)
)
(c:/texlive/2024/texmf-dist/tex/generic/pgf/basiclayer/pgfcorepathprocessing.co
de.tex
File: pgfcorepathprocessing.code.tex 2023-01-15 v3.1.10 (3.1.10)
)
(c:/texlive/2024/texmf-dist/tex/generic/pgf/basiclayer/pgfcorearrows.code.tex
File: pgfcorearrows.code.tex 2023-01-15 v3.1.10 (3.1.10)
\pgfarrowsep=\dimen269
)
(c:/texlive/2024/texmf-dist/tex/generic/pgf/basiclayer/pgfcoreshade.code.tex
File: pgfcoreshade.code.tex 2023-01-15 v3.1.10 (3.1.10)
\pgf@max=\dimen270
\pgf@sys@shading@range@num=\count310
\pgf@shadingcount=\count311
)
(c:/texlive/2024/texmf-dist/tex/generic/pgf/basiclayer/pgfcoreimage.code.tex
File: pgfcoreimage.code.tex 2023-01-15 v3.1.10 (3.1.10)
)
(c:/texlive/2024/texmf-dist/tex/generic/pgf/basiclayer/pgfcoreexternal.code.tex
File: pgfcoreexternal.code.tex 2023-01-15 v3.1.10 (3.1.10)
\pgfexternal@startupbox=\box60
) (c:/texlive/2024/texmf-dist/tex/generic/pgf/basiclayer/pgfcorelayers.code.tex
File: pgfcorelayers.code.tex 2023-01-15 v3.1.10 (3.1.10)
)
(c:/texlive/2024/texmf-dist/tex/generic/pgf/basiclayer/pgfcoretransparency.code
.tex
File: pgfcoretransparency.code.tex 2023-01-15 v3.1.10 (3.1.10)
)
(c:/texlive/2024/texmf-dist/tex/generic/pgf/basiclayer/pgfcorepatterns.code.tex
File: pgfcorepatterns.code.tex 2023-01-15 v3.1.10 (3.1.10)
) (c:/texlive/2024/texmf-dist/tex/generic/pgf/basiclayer/pgfcorerdf.code.tex
File: pgfcorerdf.code.tex 2023-01-15 v3.1.10 (3.1.10)
))) (c:/texlive/2024/texmf-dist/tex/generic/pgf/modules/pgfmoduleshapes.code.te
x
File: pgfmoduleshapes.code.tex 2023-01-15 v3.1.10 (3.1.10)
\pgfnodeparttextbox=\box61
)
(c:/texlive/2024/texmf-dist/tex/generic/pgf/modules/pgfmoduleplot.code.tex
File: pgfmoduleplot.code.tex 2023-01-15 v3.1.10 (3.1.10)
)
(c:/texlive/2024/texmf-dist/tex/latex/pgf/compatibility/pgfcomp-version-0-65.st
y
Package: pgfcomp-version-0-65 2023-01-15 v3.1.10 (3.1.10)
\pgf@nodesepstart=\dimen271
\pgf@nodesepend=\dimen272
)
(c:/texlive/2024/texmf-dist/tex/latex/pgf/compatibility/pgfcomp-version-1-18.st
y
Package: pgfcomp-version-1-18 2023-01-15 v3.1.10 (3.1.10)
)) (c:/texlive/2024/texmf-dist/tex/latex/pgf/utilities/pgffor.sty
(c:/texlive/2024/texmf-dist/tex/latex/pgf/utilities/pgfkeys.sty
(c:/texlive/2024/texmf-dist/tex/generic/pgf/utilities/pgfkeys.code.tex))
(c:/texlive/2024/texmf-dist/tex/latex/pgf/math/pgfmath.sty
(c:/texlive/2024/texmf-dist/tex/generic/pgf/math/pgfmath.code.tex))
(c:/texlive/2024/texmf-dist/tex/generic/pgf/utilities/pgffor.code.tex
Package: pgffor 2023-01-15 v3.1.10 (3.1.10)
\pgffor@iter=\dimen273
\pgffor@skip=\dimen274
\pgffor@stack=\toks35
\pgffor@toks=\toks36
))
(c:/texlive/2024/texmf-dist/tex/generic/pgf/frontendlayer/tikz/tikz.code.tex
Package: tikz 2023-01-15 v3.1.10 (3.1.10)

(c:/texlive/2024/texmf-dist/tex/generic/pgf/libraries/pgflibraryplothandlers.co
de.tex
File: pgflibraryplothandlers.code.tex 2023-01-15 v3.1.10 (3.1.10)
\pgf@plot@mark@count=\count312
\pgfplotmarksize=\dimen275
)
\tikz@lastx=\dimen276
\tikz@lasty=\dimen277
\tikz@lastxsaved=\dimen278
\tikz@lastysaved=\dimen279
\tikz@lastmovetox=\dimen280
\tikz@lastmovetoy=\dimen281
\tikzleveldistance=\dimen282
\tikzsiblingdistance=\dimen283
\tikz@figbox=\box62
\tikz@figbox@bg=\box63
\tikz@tempbox=\box64
\tikz@tempbox@bg=\box65
\tikztreelevel=\count313
\tikznumberofchildren=\count314
\tikznumberofcurrentchild=\count315
\tikz@fig@count=\count316

(c:/texlive/2024/texmf-dist/tex/generic/pgf/modules/pgfmodulematrix.code.tex
File: pgfmodulematrix.code.tex 2023-01-15 v3.1.10 (3.1.10)
\pgfmatrixcurrentrow=\count317
\pgfmatrixcurrentcolumn=\count318
\pgf@matrix@numberofcolumns=\count319
)
\tikz@expandcount=\count320

(c:/texlive/2024/texmf-dist/tex/generic/pgf/frontendlayer/tikz/libraries/tikzli
brarytopaths.code.tex
File: tikzlibrarytopaths.code.tex 2023-01-15 v3.1.10 (3.1.10)
)))
(c:/texlive/2024/texmf-dist/tex/generic/pgf/libraries/pgflibraryarrows.meta.cod
e.tex
File: pgflibraryarrows.meta.code.tex 2023-01-15 v3.1.10 (3.1.10)
\pgfarrowinset=\dimen284
\pgfarrowlength=\dimen285
\pgfarrowwidth=\dimen286
\pgfarrowlinewidth=\dimen287
)
(c:/texlive/2024/texmf-dist/tex/generic/pgf/frontendlayer/tikz/libraries/tikzli
brarypositioning.code.tex
File: tikzlibrarypositioning.code.tex 2023-01-15 v3.1.10 (3.1.10)
)
(c:/texlive/2024/texmf-dist/tex/generic/pgf/frontendlayer/tikz/libraries/tikzli
brarycalc.code.tex
File: tikzlibrarycalc.code.tex 2023-01-15 v3.1.10 (3.1.10)
)
(c:/texlive/2024/texmf-dist/tex/generic/pgf/frontendlayer/tikz/libraries/tikzli
braryfit.code.tex
File: tikzlibraryfit.code.tex 2023-01-15 v3.1.10 (3.1.10)
)
Package hyperref Info: Option `pdfdisplaydoctitle' set `true' on input line 56.


(c:/texlive/2024/texmf-dist/tex/latex/l3backend/l3backend-pdftex.def
File: l3backend-pdftex.def 2024-05-08 L3 backend support: PDF output (pdfTeX)
\l__color_backend_stack_int=\count321
\l__pdf_internal_box=\box66
)
(tmp/pdflatex-2024/Dissertation_Thesis_Masood.aux)
\openout1 = `Dissertation_Thesis_Masood.aux'.

LaTeX Font Info:    Checking defaults for OML/cmm/m/it on input line 58.
LaTeX Font Info:    ... okay on input line 58.
LaTeX Font Info:    Checking defaults for OMS/cmsy/m/n on input line 58.
LaTeX Font Info:    ... okay on input line 58.
LaTeX Font Info:    Checking defaults for OT1/cmr/m/n on input line 58.
LaTeX Font Info:    ... okay on input line 58.
LaTeX Font Info:    Checking defaults for T1/cmr/m/n on input line 58.
LaTeX Font Info:    ... okay on input line 58.
LaTeX Font Info:    Checking defaults for TS1/cmr/m/n on input line 58.
LaTeX Font Info:    ... okay on input line 58.
LaTeX Font Info:    Checking defaults for OMX/cmex/m/n on input line 58.
LaTeX Font Info:    ... okay on input line 58.
LaTeX Font Info:    Checking defaults for U/cmr/m/n on input line 58.
LaTeX Font Info:    ... okay on input line 58.
LaTeX Font Info:    Checking defaults for PD1/pdf/m/n on input line 58.
LaTeX Font Info:    ... okay on input line 58.
LaTeX Font Info:    Checking defaults for PU/pdf/m/n on input line 58.
LaTeX Font Info:    ... okay on input line 58.

*geometry* driver: auto-detecting
*geometry* detected driver: pdftex
*geometry* verbose mode - [ preamble ] result:
* driver: pdftex
* paper: letterpaper
* layout: <same size as paper>
* layoutoffset:(h,v)=(0.0pt,0.0pt)
* modes: 
* h-part:(L,W,R)=(108.405pt, 433.62001pt, 72.26999pt)
* v-part:(T,H,B)=(72.26999pt, 650.43001pt, 72.26999pt)
* \paperwidth=614.295pt
* \paperheight=794.96999pt
* \textwidth=433.62001pt
* \textheight=650.43001pt
* \oddsidemargin=36.13501pt
* \evensidemargin=36.13501pt
* \topmargin=-37.0pt
* \headheight=12.0pt
* \headsep=25.0pt
* \topskip=12.0pt
* \footskip=36.135pt
* \marginparwidth=44.0pt
* \marginparsep=10.0pt
* \columnsep=10.0pt
* \skip\footins=10.8pt plus 4.0pt minus 2.0pt
* \hoffset=0.0pt
* \voffset=0.0pt
* \mag=1000
* \@twocolumnfalse
* \@twosidefalse
* \@mparswitchfalse
* \@reversemarginfalse
* (1in=72.27pt=25.4mm, 1cm=28.453pt)

Package caption Info: Begin \AtBeginDocument code.
Package caption Info: hyperref package is loaded.
Package caption Info: End \AtBeginDocument code.
(c:/texlive/2024/texmf-dist/tex/context/base/mkii/supp-pdf.mkii
[Loading MPS to PDF converter (version 2006.09.02).]
\scratchcounter=\count322
\scratchdimen=\dimen288
\scratchbox=\box67
\nofMPsegments=\count323
\nofMParguments=\count324
\everyMPshowfont=\toks37
\MPscratchCnt=\count325
\MPscratchDim=\dimen289
\MPnumerator=\count326
\makeMPintoPDFobject=\count327
\everyMPtoPDFconversion=\toks38
) (c:/texlive/2024/texmf-dist/tex/latex/epstopdf-pkg/epstopdf-base.sty
Package: epstopdf-base 2020-01-24 v2.11 Base part for package epstopdf
Package epstopdf-base Info: Redefining graphics rule for `.eps' on input line 4
85.

(c:/texlive/2024/texmf-dist/tex/latex/latexconfig/epstopdf-sys.cfg
File: epstopdf-sys.cfg 2010/07/13 v1.3 Configuration of (r)epstopdf for TeX Liv
e
))
Package hyperref Info: Link coloring OFF on input line 58.
\@outlinefile=\write4
\openout4 = `Dissertation_Thesis_Masood.out'.



[1


{c:/texlive/2024/texmf-var/fonts/map/pdftex/updmap/pdftex.map}]

[1

]

[2


]

[3


]

[4


]

[5] (./Dissertation_Thesis_Masood.toc)
\tf@toc=\write5
\openout5 = `Dissertation_Thesis_Masood.toc'.



[6


] (./Dissertation_Thesis_Masood.lot)
\tf@lot=\write6
\openout6 = `Dissertation_Thesis_Masood.lot'.



[7


] (./Dissertation_Thesis_Masood.lof)
\tf@lof=\write7
\openout7 = `Dissertation_Thesis_Masood.lof'.



[8


]
Chapter 1.

LaTeX Warning: Citation `NationalGeographic2024' on page 1 undefined on input l
ine 93.


LaTeX Warning: Citation `NOAA2026' on page 1 undefined on input line 93.


LaTeX Warning: Citation `NOAA2026' on page 1 undefined on input line 95.


LaTeX Warning: Citation `Shukla2016' on page 1 undefined on input line 97.


LaTeX Warning: Citation `Mcleod2012' on page 1 undefined on input line 97.


LaTeX Warning: Citation `Patel2024' on page 1 undefined on input line 97.



[1



]

LaTeX Warning: Citation `Ho2020' on page 2 undefined on input line 103.


LaTeX Warning: Citation `Shukla2016' on page 2 undefined on input line 103.


LaTeX Warning: Citation `Mcleod2012' on page 2 undefined on input line 103.


LaTeX Warning: Citation `Patel2024' on page 2 undefined on input line 103.



[2]

LaTeX Warning: Citation `Herzog2001' on page 3 undefined on input line 105.


LaTeX Warning: Citation `Yadav2022' on page 3 undefined on input line 105.


LaTeX Warning: Citation `Osman2021' on page 3 undefined on input line 105.


LaTeX Warning: Citation `Filonchyk2024' on page 3 undefined on input line 105.


LaTeX Warning: Citation `Kabir2023' on page 3 undefined on input line 105.


LaTeX Warning: Citation `Zheng2021' on page 3 undefined on input line 105.


LaTeX Warning: Citation `Mortezaei2021' on page 3 undefined on input line 105.


LaTeX Warning: Citation `Queiros2014' on page 3 undefined on input line 105.


LaTeX Warning: Citation `Pham2016' on page 3 undefined on input line 105.


LaTeX Warning: Citation `Martins2010' on page 3 undefined on input line 107.


LaTeX Warning: Citation `Hou2013' on page 3 undefined on input line 107.


LaTeX Warning: Citation `Akib2011' on page 3 undefined on input line 107.


LaTeX Warning: Citation `Vitkovsky2007' on page 3 undefined on input line 107.


LaTeX Warning: Citation `Ostapkowicz2016' on page 3 undefined on input line 107
.


LaTeX Warning: Citation `Reda2024' on page 3 undefined on input line 107.


LaTeX Warning: Citation `Ho2020' on page 3 undefined on input line 109.


LaTeX Warning: Citation `Jasper2012' on page 3 undefined on input line 109.


LaTeX Warning: Citation `Lukonge2020' on page 3 undefined on input line 109.


LaTeX Warning: Citation `Adegboye2019' on page 3 undefined on input line 109.



[3]

LaTeX Warning: Citation `Aursand2016' on page 4 undefined on input line 111.


LaTeX Warning: Citation `Cosham2009' on page 4 undefined on input line 111.


LaTeX Warning: Citation `Zheng2021' on page 4 undefined on input line 111.


LaTeX Warning: Citation `Mortezaei2021' on page 4 undefined on input line 111.


LaTeX Warning: Citation `Queiros2014' on page 4 undefined on input line 111.


LaTeX Warning: Citation `Pham2016' on page 4 undefined on input line 111.


LaTeX Warning: Citation `Zhang2021' on page 4 undefined on input line 113.


LaTeX Warning: Citation `Qasem2019' on page 4 undefined on input line 113.


LaTeX Warning: Citation `Hu2022' on page 4 undefined on input line 113.


LaTeX Warning: Citation `Capocci2017' on page 4 undefined on input line 117.


LaTeX Warning: Citation `Shukla2016' on page 4 undefined on input line 117.


LaTeX Warning: Citation `Mcleod2012' on page 4 undefined on input line 117.


LaTeX Warning: Citation `Patel2024' on page 4 undefined on input line 117.



[4]

LaTeX Warning: Citation `Marras2012' on page 5 undefined on input line 119.


LaTeX Warning: Citation `Polverino2013' on page 5 undefined on input line 119.


LaTeX Warning: Citation `Luo2021' on page 5 undefined on input line 121.


LaTeX Warning: Citation `Su2020' on page 5 undefined on input line 121.


LaTeX Warning: Citation `Zekavat2019' on page 5 undefined on input line 121.


LaTeX Warning: Citation `Rypkema2019' on page 5 undefined on input line 121.


LaTeX Warning: Citation `Wang2022' on page 5 undefined on input line 121.


LaTeX Warning: Citation `Hinduja2022' on page 5 undefined on input line 121.



[5]

[6]

LaTeX Warning: Citation `Lighthill1969' on page 7 undefined on input line 130.


LaTeX Warning: Citation `Lighthill1971' on page 7 undefined on input line 130.


LaTeX Warning: Citation `Yu2017' on page 7 undefined on input line 130.


LaTeX Warning: Citation `Duraisamy2019' on page 7 undefined on input line 130.


LaTeX Warning: Citation `Xie2021' on page 7 undefined on input line 130.


LaTeX Warning: Citation `Tan2011' on page 7 undefined on input line 130.


LaTeX Warning: Citation `Marras2012' on page 7 undefined on input line 130.


LaTeX Warning: Citation `Polverino2013' on page 7 undefined on input line 130.


LaTeX Warning: Citation `Shahinpoor1992' on page 7 undefined on input line 132.



LaTeX Warning: Citation `Thomson1994' on page 7 undefined on input line 132.


LaTeX Warning: Citation `Tolkoff1999' on page 7 undefined on input line 132.


LaTeX Warning: Citation `Imaizumi1995' on page 7 undefined on input line 132.


LaTeX Warning: Citation `Kato1996' on page 7 undefined on input line 132.



[7]

LaTeX Warning: Citation `Mason2000' on page 8 undefined on input line 134.


LaTeX Warning: Citation `Yu2004' on page 8 undefined on input line 134.


LaTeX Warning: Citation `Yu2005' on page 8 undefined on input line 134.


LaTeX Warning: Citation `Liu2005' on page 8 undefined on input line 134.


LaTeX Warning: Citation `Low2006' on page 8 undefined on input line 134.


LaTeX Warning: Citation `Chen2010' on page 8 undefined on input line 134.


LaTeX Warning: Citation `Tan2011' on page 8 undefined on input line 134.


LaTeX Warning: Citation `Hu2009' on page 8 undefined on input line 134.


LaTeX Warning: Citation `Wang2015' on page 8 undefined on input line 134.


LaTeX Warning: Citation `Katzschmann2018' on page 8 undefined on input line 134
.


LaTeX Warning: Citation `Li2024' on page 8 undefined on input line 134.


LaTeX Warning: Citation `Jiang2024' on page 8 undefined on input line 134.


LaTeX Warning: Citation `Wang2013' on page 8 undefined on input line 134.


LaTeX Warning: Citation `Park2012' on page 8 undefined on input line 134.


LaTeX Warning: Citation `Sfakiotakis1999' on page 8 undefined on input line 136
.


LaTeX Warning: Citation `Xie2021' on page 8 undefined on input line 136.


LaTeX Warning: Citation `Zuo2021' on page 8 undefined on input line 136.



[8]

LaTeX Warning: Citation `Masood2025Pipeline' on page 9 undefined on input line 
140.


LaTeX Warning: Citation `Masood2025CO2' on page 9 undefined on input line 140.


LaTeX Warning: Citation `Masood2026OilSpill' on page 9 undefined on input line 
140.



[9]

LaTeX Warning: Citation `Kobayashi2010' on page 10 undefined on input line 146.



LaTeX Warning: Citation `Vasiljevic2019' on page 10 undefined on input line 146
.


LaTeX Warning: Citation `Um2011' on page 10 undefined on input line 146.


LaTeX Warning: Citation `Chen2017' on page 10 undefined on input line 146.


LaTeX Warning: Citation `Yazji2021' on page 10 undefined on input line 146.


LaTeX Warning: Citation `Wood2015' on page 10 undefined on input line 146.


LaTeX Warning: Citation `Hou2020' on page 10 undefined on input line 146.


LaTeX Warning: Citation `Choyekh2016' on page 10 undefined on input line 146.


LaTeX Warning: Citation `Claus2012' on page 10 undefined on input line 146.


LaTeX Warning: Citation `Carneiro2023' on page 10 undefined on input line 146.


LaTeX Warning: Citation `Rawlings2017' on page 10 undefined on input line 146.


LaTeX Warning: Citation `Scokaert1998' on page 10 undefined on input line 146.


LaTeX Warning: Citation `Masood2023' on page 10 undefined on input line 146.


LaTeX Warning: Citation `Masood2026ESCBCD' on page 10 undefined on input line 1
46.


LaTeX Warning: Citation `Rawlings2017' on page 10 undefined on input line 148.


LaTeX Warning: Citation `Scokaert1998' on page 10 undefined on input line 148.



[10]

LaTeX Warning: Citation `Yi2023' on page 11 undefined on input line 156.


LaTeX Warning: Citation `Reynolds1999' on page 11 undefined on input line 156.



[11]

LaTeX Warning: Citation `Masood2025Pipeline' on page 12 undefined on input line
 160.


LaTeX Warning: Citation `Filonchyk2024' on page 12 undefined on input line 164.



LaTeX Warning: Citation `Kabir2023' on page 12 undefined on input line 164.


LaTeX Warning: Citation `Herzog2001' on page 12 undefined on input line 164.


LaTeX Warning: Citation `Yadav2022' on page 12 undefined on input line 164.


LaTeX Warning: Citation `Osman2021' on page 12 undefined on input line 164.



[12]

LaTeX Warning: Citation `Zheng2021' on page 13 undefined on input line 166.


LaTeX Warning: Citation `Mortezaei2021' on page 13 undefined on input line 166.



LaTeX Warning: Citation `Queiros2014' on page 13 undefined on input line 166.


LaTeX Warning: Citation `Pham2016' on page 13 undefined on input line 166.


LaTeX Warning: Citation `Zhang2021' on page 13 undefined on input line 168.


LaTeX Warning: Citation `Qasem2019' on page 13 undefined on input line 168.


LaTeX Warning: Citation `Hu2022' on page 13 undefined on input line 168.


LaTeX Warning: Citation `Masood2025CO2' on page 13 undefined on input line 170.



LaTeX Warning: Citation `HeinrichBoellStiftung2017' on page 13 undefined on inp
ut line 174.


LaTeX Warning: Citation `Almeda2014' on page 13 undefined on input line 174.


LaTeX Warning: Citation `Albers1982' on page 13 undefined on input line 174.



[13]

LaTeX Warning: Citation `Martins2010' on page 14 undefined on input line 176.


LaTeX Warning: Citation `Hou2013' on page 14 undefined on input line 176.


LaTeX Warning: Citation `Akib2011' on page 14 undefined on input line 176.


LaTeX Warning: Citation `Vitkovsky2007' on page 14 undefined on input line 176.



LaTeX Warning: Citation `Ostapkowicz2016' on page 14 undefined on input line 17
6.


LaTeX Warning: Citation `Reda2024' on page 14 undefined on input line 176.


LaTeX Warning: Citation `Jasper2012' on page 14 undefined on input line 178.


LaTeX Warning: Citation `Lukonge2020' on page 14 undefined on input line 178.


LaTeX Warning: Citation `Adegboye2019' on page 14 undefined on input line 178.


LaTeX Warning: Citation `Yao2024' on page 14 undefined on input line 178.


LaTeX Warning: Citation `Du2025' on page 14 undefined on input line 178.


LaTeX Warning: Citation `Qasem2019' on page 14 undefined on input line 178.


LaTeX Warning: Citation `Pocwiardowski2021' on page 14 undefined on input line 
178.


LaTeX Warning: Citation `Porter2024' on page 14 undefined on input line 180.


LaTeX Warning: Citation `Masood2026OilSpill' on page 14 undefined on input line
 182.



[14]

LaTeX Warning: Citation `Connor2021' on page 15 undefined on input line 186.


LaTeX Warning: Citation `Partan2007' on page 15 undefined on input line 186.


LaTeX Warning: Citation `Luo2021' on page 15 undefined on input line 188.


LaTeX Warning: Citation `Su2020' on page 15 undefined on input line 188.



[15]

LaTeX Warning: Citation `Palmeiro2011' on page 16 undefined on input line 190.


LaTeX Warning: Citation `Nguyen2019' on page 16 undefined on input line 190.


LaTeX Warning: Citation `Ryecroft2019' on page 16 undefined on input line 190.


LaTeX Warning: Citation `Zekavat2019' on page 16 undefined on input line 190.


LaTeX Warning: Citation `Nguyen2019' on page 16 undefined on input line 190.


LaTeX Warning: Citation `Masood2026RSSI' on page 16 undefined on input line 192
.


LaTeX Warning: Citation `Masood2025Swarm' on page 16 undefined on input line 19
2.



[16]

LaTeX Warning: Citation `Masood2023' on page 17 undefined on input line 202.


LaTeX Warning: Citation `Masood2026ESCBCD' on page 17 undefined on input line 2
02.


LaTeX Warning: Citation `Masood2025Pipeline' on page 17 undefined on input line
 203.


LaTeX Warning: Citation `Masood2025CO2' on page 17 undefined on input line 204.



LaTeX Warning: Citation `Masood2026OilSpill' on page 17 undefined on input line
 204.


LaTeX Warning: Citation `Masood2026RSSI' on page 17 undefined on input line 205
.


LaTeX Warning: Citation `Masood2025Swarm' on page 17 undefined on input line 20
5.



[17]

LaTeX Warning: Citation `Masood2023' on page 18 undefined on input line 214.


LaTeX Warning: Citation `Masood2026ESCBCD' on page 18 undefined on input line 2
14.


LaTeX Warning: Citation `Masood2025Pipeline' on page 18 undefined on input line
 215.


LaTeX Warning: Citation `Masood2025CO2' on page 18 undefined on input line 216.



LaTeX Warning: Citation `Masood2026OilSpill' on page 18 undefined on input line
 216.


LaTeX Warning: Citation `Masood2026RSSI' on page 18 undefined on input line 217
.


LaTeX Warning: Citation `Masood2025Swarm' on page 18 undefined on input line 21
7.



[18{c:/texlive/2024/texmf-dist/fonts/enc/dvips/cm-super/cm-super-ts1.enc}]

[19]
Chapter 2.


[20

]

LaTeX Warning: Reference `fig:ch2_bcd_cad' on page 21 undefined on input line 2
48.

<Fig/ch2_bcd_cad_isometric.png, id=160, 446.66875pt x 893.3375pt>
File: Fig/ch2_bcd_cad_isometric.png Graphic file (type png)
<use Fig/ch2_bcd_cad_isometric.png>
Package pdftex.def Info: Fig/ch2_bcd_cad_isometric.png  used on input line 254.

(pdftex.def)             Requested size: 112.0145pt x 224.03743pt.
<Fig/ch2_bcd_cad_section.png, id=161, 377.41pt x 792.9625pt>
File: Fig/ch2_bcd_cad_section.png Graphic file (type png)
<use Fig/ch2_bcd_cad_section.png>
Package pdftex.def Info: Fig/ch2_bcd_cad_section.png  used on input line 259.
(pdftex.def)             Requested size: 106.63004pt x 224.03743pt.


[21]

LaTeX Warning: Citation `Lighthill1969' on page 22 undefined on input line 273.



LaTeX Warning: Citation `Lighthill1971' on page 22 undefined on input line 273.




[22 <./Fig/ch2_bcd_cad_isometric.png (PNG copy)> <./Fig/ch2_bcd_cad_section.png
 (PNG copy)>]

LaTeX Warning: Citation `Zuo2021' on page 23 undefined on input line 288.


LaTeX Warning: Citation `Masood2025Pipeline' on page 23 undefined on input line
 288.


LaTeX Warning: Reference `fig:ch2_dsc_action' on page 23 undefined on input lin
e 290.

<Fig/ch2_dsc_action.png, id=177, 776.9025pt x 542.025pt>
File: Fig/ch2_dsc_action.png Graphic file (type png)
<use Fig/ch2_dsc_action.png>
Package pdftex.def Info: Fig/ch2_dsc_action.png  used on input line 294.
(pdftex.def)             Requested size: 372.91347pt x 260.1773pt.

LaTeX Warning: Reference `fig:ch2_tail_servo' on page 23 undefined on input lin
e 299.



[23]
<Fig/ch2_tail_servo.png, id=187, 461.5644pt x 402.7848pt>
File: Fig/ch2_tail_servo.png Graphic file (type png)
<use Fig/ch2_tail_servo.png>
Package pdftex.def Info: Fig/ch2_tail_servo.png  used on input line 303.
(pdftex.def)             Requested size: 268.84229pt x 234.60484pt.


[24 <./Fig/ch2_dsc_action.png>]

LaTeX Warning: Reference `fig:ch2_aquanavigator_cad' on page 25 undefined on in
put line 314.

<Fig/ch2_aquanavigator_cad.png, id=195, 963.6pt x 447.855pt>
File: Fig/ch2_aquanavigator_cad.png Graphic file (type png)
<use Fig/ch2_aquanavigator_cad.png>
Package pdftex.def Info: Fig/ch2_aquanavigator_cad.png  used on input line 318.

(pdftex.def)             Requested size: 433.62001pt x 201.53288pt.

LaTeX Warning: Reference `tab:ch2_aquanavigator_specs' on page 25 undefined on 
input line 323.


LaTeX Warning: Citation `Masood2023' on page 25 undefined on input line 348.


LaTeX Warning: Citation `Masood2026ESCBCD' on page 25 undefined on input line 3
48.



[25 <./Fig/ch2_tail_servo.png>]

LaTeX Warning: Citation `Masood2023' on page 26 undefined on input line 350.


LaTeX Warning: Citation `Masood2026ESCBCD' on page 26 undefined on input line 3
50.



[26 <./Fig/ch2_aquanavigator_cad.png>]

LaTeX Warning: Citation `Masood2023' on page 27 undefined on input line 352.


LaTeX Warning: Citation `Masood2023' on page 27 undefined on input line 354.


LaTeX Warning: Citation `Masood2026ESCBCD' on page 27 undefined on input line 3
54.


LaTeX Warning: Reference `fig:ch2_bcd_fabricated' on page 27 undefined on input
 line 354.

<Fig/ch2_bcd_fabricated.png, id=211, 2427.0675pt x 1643.13875pt>
File: Fig/ch2_bcd_fabricated.png Graphic file (type png)
<use Fig/ch2_bcd_fabricated.png>
Package pdftex.def Info: Fig/ch2_bcd_fabricated.png  used on input line 358.
(pdftex.def)             Requested size: 312.20692pt x 211.35904pt.

LaTeX Warning: Citation `Masood2025Pipeline' on page 27 undefined on input line
 365.


LaTeX Warning: Citation `Masood2026OilSpill' on page 27 undefined on input line
 365.



[27]

LaTeX Warning: Citation `Masood2025Pipeline' on page 28 undefined on input line
 367.


LaTeX Warning: Citation `Masood2026OilSpill' on page 28 undefined on input line
 367.



[28 <./Fig/ch2_bcd_fabricated.png (PNG copy)>]

LaTeX Warning: Citation `Masood2025Pipeline' on page 29 undefined on input line
 369.


LaTeX Warning: Reference `fig:ch2_aquanavigator_real' on page 29 undefined on i
nput line 371.

<Fig/ch2_aquanavigator_real.jpg, id=223, 579.66562pt x 316.93407pt>
File: Fig/ch2_aquanavigator_real.jpg Graphic file (type jpg)
<use Fig/ch2_aquanavigator_real.jpg>
Package pdftex.def Info: Fig/ch2_aquanavigator_real.jpg  used on input line 375
.
(pdftex.def)             Requested size: 303.53267pt x 165.95763pt.


[29]

[30 <./Fig/ch2_aquanavigator_real.jpg>]
Chapter 3.

LaTeX Warning: Reference `fig:ch2_bcd_schematic' on page 31 undefined on input 
line 392.

<Fig/ch2_bcd_schematic.pdf, id=233, 794.97pt x 465.74pt>
File: Fig/ch2_bcd_schematic.pdf Graphic file (type pdf)
<use Fig/ch2_bcd_schematic.pdf>
Package pdftex.def Info: Fig/ch2_bcd_schematic.pdf  used on input line 396.
(pdftex.def)             Requested size: 338.22307pt x 198.15363pt.


[31

]

LaTeX Warning: Reference `eq:ch2_bcd_neutral' on page 32 undefined on input lin
e 416.



[32 <./Fig/ch2_bcd_schematic.pdf>]

LaTeX Warning: Reference `fig:ch2_bcd_piston' on page 33 undefined on input lin
e 427.

<Fig/ch2_bcd_piston.pdf, id=293, 440.64626pt x 316.18124pt>
File: Fig/ch2_bcd_piston.pdf Graphic file (type pdf)
<use Fig/ch2_bcd_piston.pdf>
Package pdftex.def Info: Fig/ch2_bcd_piston.pdf  used on input line 431.
(pdftex.def)             Requested size: 208.13574pt x 149.34335pt.

LaTeX Warning: Reference `eq:ch2_bcd_piston_volume' on page 33 undefined on inp
ut line 436.


LaTeX Warning: Reference `eq:ch2_bcd_depth_vd' on page 33 undefined on input li
ne 436.


LaTeX Warning: Citation `Masood2026ESCBCD' on page 33 undefined on input line 4
46.



[33 <./Fig/ch2_bcd_piston.pdf>]

LaTeX Warning: Reference `eq:ch2_actuator_current' on page 34 undefined on inpu
t line 462.


LaTeX Warning: Reference `eq:ch2_piston_force' on page 34 undefined on input li
ne 462.



[34]

LaTeX Warning: Reference `eq:ch2_bcd_depth_xp' on page 35 undefined on input li
ne 492.


LaTeX Warning: Reference `eq:ch2_pressure_coupled_actuator' on page 35 undefine
d on input line 492.


LaTeX Warning: Reference `eq:ch2_bcd_statespace' on page 35 undefined on input 
line 517.



[35]

LaTeX Warning: Reference `fig:ch2_robot_frames' on page 36 undefined on input l
ine 523.

<Fig/ch2_robot_frames.png, id=331, 491.436pt x 154.4169pt>
File: Fig/ch2_robot_frames.png Graphic file (type png)
<use Fig/ch2_robot_frames.png>
Package pdftex.def Info: Fig/ch2_robot_frames.png  used on input line 533.
(pdftex.def)             Requested size: 433.62001pt x 136.2572pt.


[36 <./Fig/ch2_robot_frames.png>]

[37]

LaTeX Warning: Citation `Wang2013' on page 38 undefined on input line 581.


LaTeX Warning: Citation `Lighthill1971' on page 38 undefined on input line 581.



LaTeX Warning: Citation `Masood2025Pipeline' on page 38 undefined on input line
 581.



[38]

[39]

[40]

LaTeX Warning: Citation `Masood2025Pipeline' on page 41 undefined on input line
 736.


LaTeX Warning: Reference `tab:ch2_fish_model_parameters' on page 41 undefined o
n input line 736.



[41]

LaTeX Warning: Citation `Masood2026ESCBCD' on page 42 undefined on input line 7
83.



[42]

[43]

LaTeX Warning: Reference `sec:ch3_bcd_validation_setup' on page 44 undefined on
 input line 798.


LaTeX Warning: Reference `fig:ch3_bcd_open_loop_validation' on page 44 undefine
d on input line 798.

<Fig/ch3_bcd_open_loop_validation.pdf, id=397, 483.60487pt x 452.83492pt>
File: Fig/ch3_bcd_open_loop_validation.pdf Graphic file (type pdf)
<use Fig/ch3_bcd_open_loop_validation.pdf>
Package pdftex.def Info: Fig/ch3_bcd_open_loop_validation.pdf  used on input li
ne 802.
(pdftex.def)             Requested size: 381.58772pt x 357.31416pt.


[44]

[45 <./Fig/ch3_bcd_open_loop_validation.pdf>]
Chapter 4.

LaTeX Warning: Citation `Masood2023' on page 46 undefined on input line 821.



[46

]

LaTeX Warning: Reference `fig:ch3_mpc_control_scheme' on page 47 undefined on i
nput line 843.

<Fig/ch3_mpc_control_scheme.png, id=492, 722.7pt x 270.5307pt>
File: Fig/ch3_mpc_control_scheme.png Graphic file (type png)
<use Fig/ch3_mpc_control_scheme.png>
Package pdftex.def Info: Fig/ch3_mpc_control_scheme.png  used on input line 847
.
(pdftex.def)             Requested size: 355.57158pt x 133.10196pt.

LaTeX Warning: Citation `Masood2026ESCBCD' on page 47 undefined on input line 8
74.



[47 <./Fig/ch3_mpc_control_scheme.png>]

[48]

LaTeX Warning: Reference `fig:ch3_esc_tuned_pd_scheme' on page 49 undefined on 
input line 893.

<Fig/ch3_esc_tuned_pd_scheme.png, id=508, 521.22pt x 126.144pt>
File: Fig/ch3_esc_tuned_pd_scheme.png Graphic file (type png)
<use Fig/ch3_esc_tuned_pd_scheme.png>
Package pdftex.def Info: Fig/ch3_esc_tuned_pd_scheme.png  used on input line 89
7.
(pdftex.def)             Requested size: 364.23921pt x 88.15582pt.


[49 <./Fig/ch3_esc_tuned_pd_scheme.png>]

LaTeX Warning: Citation `Masood2025Pipeline' on page 50 undefined on input line
 961.



[50]

LaTeX Warning: Reference `fig:ch3_pipeline_control_scheme' on page 51 undefined
 on input line 965.



[51]
<Fig/ch3_pipeline_control_scheme.png, id=529, 4015.0803pt x 3011.25pt>
File: Fig/ch3_pipeline_control_scheme.png Graphic file (type png)
<use Fig/ch3_pipeline_control_scheme.png>
Package pdftex.def Info: Fig/ch3_pipeline_control_scheme.png  used on input lin
e 980.
(pdftex.def)             Requested size: 355.57158pt x 266.63576pt.
<Fig/ch3_pipeline_camera_vectors.png, id=530, 361.35pt x 289.08pt>
File: Fig/ch3_pipeline_camera_vectors.png Graphic file (type png)
<use Fig/ch3_pipeline_camera_vectors.png>
Package pdftex.def Info: Fig/ch3_pipeline_camera_vectors.png  used on input lin
e 987.
(pdftex.def)             Requested size: 355.57158pt x 284.46095pt.


[52 <./Fig/ch3_pipeline_control_scheme.png>]

[53 <./Fig/ch3_pipeline_camera_vectors.png>]

LaTeX Warning: Reference `fig:ch2_bcd_fabricated' on page 54 undefined on input
 line 1004.


LaTeX Warning: Reference `fig:ch2_bcd_schematic' on page 54 undefined on input 
line 1004.


LaTeX Warning: Reference `fig:ch2_bcd_piston' on page 54 undefined on input lin
e 1004.


LaTeX Warning: Reference `fig:ch2_aquanavigator_real' on page 54 undefined on i
nput line 1004.


LaTeX Warning: Reference `sec:ch3_robotic_fish_simulator' on page 54 undefined 
on input line 1004.


LaTeX Warning: Reference `fig:ch3_bcd_depth_control_setup' on page 54 undefined
 on input line 1004.

<Fig/ch3_bcd_depth_control_setup.jpg, id=545, 1505.625pt x 772.38562pt>
File: Fig/ch3_bcd_depth_control_setup.jpg Graphic file (type jpg)
<use Fig/ch3_bcd_depth_control_setup.jpg>
Package pdftex.def Info: Fig/ch3_bcd_depth_control_setup.jpg  used on input lin
e 1008.
(pdftex.def)             Requested size: 398.92961pt x 204.64586pt.


[54]

LaTeX Warning: Reference `fig:ch3_esc_actuator_control_gui' on page 55 undefine
d on input line 1023.



[55 <./Fig/ch3_bcd_depth_control_setup.jpg>]
<Fig/ch3_esc_actuator_control_gui.png, id=558, 398.99063pt x 185.94469pt>
File: Fig/ch3_esc_actuator_control_gui.png Graphic file (type png)
<use Fig/ch3_esc_actuator_control_gui.png>
Package pdftex.def Info: Fig/ch3_esc_actuator_control_gui.png  used on input li
ne 1027.
(pdftex.def)             Requested size: 312.20692pt x 145.50725pt.


LaTeX Warning: Citation `Masood2025Pipeline' on page 56 undefined on input line
 1037.



[56 <./Fig/ch3_esc_actuator_control_gui.png>]

LaTeX Warning: Reference `fig:ch3_pipeline_camera_vectors' on page 57 undefined
 on input line 1041.


LaTeX Warning: Reference `fig:ch3_pipeline_top_view' on page 57 undefined on in
put line 1041.


LaTeX Warning: Reference `tab:ch3_pipeline_results' on page 57 undefined on inp
ut line 1041.


LaTeX Warning: Reference `fig:ch3_mpc_simulation' on page 57 undefined on input
 line 1047.

<Fig/ch3_mpc_simulation.png, id=566, 421.575pt x 316.18124pt>
File: Fig/ch3_mpc_simulation.png Graphic file (type png)
<use Fig/ch3_mpc_simulation.png>
Package pdftex.def Info: Fig/ch3_mpc_simulation.png  used on input line 1051.
(pdftex.def)             Requested size: 303.53267pt x 227.65514pt.


[57]
<Fig/ch3_mpc_experiment.png, id=574, 843.15pt x 632.3625pt>
File: Fig/ch3_mpc_experiment.png Graphic file (type png)
<use Fig/ch3_mpc_experiment.png>
Package pdftex.def Info: Fig/ch3_mpc_experiment.png  used on input line 1058.
(pdftex.def)             Requested size: 303.53267pt x 227.65033pt.


LaTeX Warning: Reference `sec:ch3_mpc_experimental_setup' on page 58 undefined 
on input line 1063.


LaTeX Warning: Reference `fig:ch3_mpc_experiment' on page 58 undefined on input
 line 1063.


LaTeX Warning: Citation `Masood2023' on page 58 undefined on input line 1063.



[58 <./Fig/ch3_mpc_simulation.png (PNG copy)> <./Fig/ch3_mpc_experiment.png (PN
G copy)>]

LaTeX Warning: Reference `sec:ch3_esc_experimental_setup' on page 59 undefined 
on input line 1067.


LaTeX Warning: Reference `fig:ch3_bcd_actuator_loop_result' on page 59 undefine
d on input line 1067.

<Fig/ch3_bcd_actuator_loop_result.pdf, id=582, 498.50052pt x 384.53975pt>
File: Fig/ch3_bcd_actuator_loop_result.pdf Graphic file (type pdf)
<use Fig/ch3_bcd_actuator_loop_result.pdf>
Package pdftex.def Info: Fig/ch3_bcd_actuator_loop_result.pdf  used on input li
ne 1071.
(pdftex.def)             Requested size: 346.89732pt x 267.60933pt.

LaTeX Warning: Reference `fig:ch3_esc_velocity_penalty_sim' on page 59 undefine
d on input line 1076.



[59 <./Fig/ch3_bcd_actuator_loop_result.pdf>]
<Fig/ch3_esc_velocity_penalty_sim.pdf, id=658, 593.23634pt x 529.80246pt>
File: Fig/ch3_esc_velocity_penalty_sim.pdf Graphic file (type pdf)
<use Fig/ch3_esc_velocity_penalty_sim.pdf>
Package pdftex.def Info: Fig/ch3_esc_velocity_penalty_sim.pdf  used on input li
ne 1080.
(pdftex.def)             Requested size: 346.89732pt x 309.80788pt.


LaTeX Warning: Reference `fig:ch3_esc_deadzone_penalty_sim' on page 60 undefine
d on input line 1085.

<Fig/ch3_esc_deadzone_penalty_sim.pdf, id=659, 593.23634pt x 529.80246pt>
File: Fig/ch3_esc_deadzone_penalty_sim.pdf Graphic file (type pdf)
<use Fig/ch3_esc_deadzone_penalty_sim.pdf>
Package pdftex.def Info: Fig/ch3_esc_deadzone_penalty_sim.pdf  used on input li
ne 1089.
(pdftex.def)             Requested size: 346.89732pt x 309.80788pt.

LaTeX Warning: Reference `fig:ch3_esc_experiment' on page 60 undefined on input
 line 1094.



[60 <./Fig/ch3_esc_velocity_penalty_sim.pdf>]
<Fig/ch3_esc_experiment.pdf, id=747, 841.78302pt x 768.30281pt>
File: Fig/ch3_esc_experiment.pdf Graphic file (type pdf)
<use Fig/ch3_esc_experiment.pdf>
Package pdftex.def Info: Fig/ch3_esc_experiment.pdf  used on input line 1098.
(pdftex.def)             Requested size: 346.89732pt x 316.62401pt.


[61 <./Fig/ch3_esc_deadzone_penalty_sim.pdf>]

LaTeX Warning: Reference `sec:ch3_robotic_fish_simulator' on page 62 undefined 
on input line 1107.


LaTeX Warning: Reference `fig:ch3_simulator_responses' on page 62 undefined on 
input line 1107.

<Fig/ch3_pbvs_simulation.png, id=832, 867.24pt x 578.16pt>
File: Fig/ch3_pbvs_simulation.png Graphic file (type png)
<use Fig/ch3_pbvs_simulation.png>
Package pdftex.def Info: Fig/ch3_pbvs_simulation.png  used on input line 1113.
(pdftex.def)             Requested size: 281.85036pt x 187.89977pt.
<Fig/ch3_ibvs_simulation.png, id=833, 867.24pt x 578.16pt>
File: Fig/ch3_ibvs_simulation.png Graphic file (type png)
<use Fig/ch3_ibvs_simulation.png>
Package pdftex.def Info: Fig/ch3_ibvs_simulation.png  used on input line 1118.
(pdftex.def)             Requested size: 281.85036pt x 187.89977pt.


[62 <./Fig/ch3_esc_experiment.pdf>]

LaTeX Warning: Reference `sec:ch3_pipeline_experimental_setup' on page 63 undef
ined on input line 1128.



[63 <./Fig/ch3_pbvs_simulation.png> <./Fig/ch3_ibvs_simulation.png>]

LaTeX Warning: Reference `fig:ch3_pipeline_top_view' on page 64 undefined on in
put line 1130.

<Fig/ch3_pipeline_top_view.jpg, id=917, 4625.28pt x 1626.075pt>
File: Fig/ch3_pipeline_top_view.jpg Graphic file (type jpg)
<use Fig/ch3_pipeline_top_view.jpg>
Package pdftex.def Info: Fig/ch3_pipeline_top_view.jpg  used on input line 1134
.
(pdftex.def)             Requested size: 407.60387pt x 143.28857pt.


[64 <./Fig/ch3_pipeline_top_view.jpg>]

[65]
Chapter 5.

Underfull \hbox (badness 4378) in paragraph at lines 1164--1164
|\OT1/cmr/bx/n/24.88 RSS-Based Rel-a-tive Lo-cal-iza-tion
 []


LaTeX Warning: Citation `Masood2025Swarm' on page 66 undefined on input line 11
68.


LaTeX Warning: Citation `Masood2026RSSI' on page 66 undefined on input line 116
8.


LaTeX Warning: Reference `fig:ch5_cooperative_swarm_concept' on page 66 undefin
ed on input line 1170.



[66

]
<Fig/ch5_cooperative_swarm_concept.png, id=935, 812.928pt x 542.025pt>
File: Fig/ch5_cooperative_swarm_concept.png Graphic file (type png)
<use Fig/ch5_cooperative_swarm_concept.png>
Package pdftex.def Info: Fig/ch5_cooperative_swarm_concept.png  used on input l
ine 1174.
(pdftex.def)             Requested size: 381.58772pt x 254.42923pt.


LaTeX Warning: Reference `fig:ch5_swarm_schematic' on page 67 undefined on inpu
t line 1183.



[67 <./Fig/ch5_cooperative_swarm_concept.png>]
<Fig/ch5_swarm_schematic.png, id=944, 807.7678pt x 271.0125pt>
File: Fig/ch5_swarm_schematic.png Graphic file (type png)
<use Fig/ch5_swarm_schematic.png>
Package pdftex.def Info: Fig/ch5_swarm_schematic.png  used on input line 1187.
(pdftex.def)             Requested size: 294.85843pt x 98.92906pt.


[68 <./Fig/ch5_swarm_schematic.png>]

LaTeX Warning: Reference `fig:ch5_swarm_rss_unit' on page 69 undefined on input
 line 1233.

<Fig/ch5_swarm_rss_unit.png, id=955, 540.51938pt x 389.20406pt>
File: Fig/ch5_swarm_rss_unit.png Graphic file (type png)
<use Fig/ch5_swarm_rss_unit.png>
Package pdftex.def Info: Fig/ch5_swarm_rss_unit.png  used on input line 1237.
(pdftex.def)             Requested size: 242.82614pt x 174.84326pt.


[69]

[70 <./Fig/ch5_swarm_rss_unit.png>]

[71]

LaTeX Warning: Citation `Masood2025Swarm' on page 72 undefined on input line 13
43.



[72]

LaTeX Warning: Citation `Masood2025Pipeline' on page 73 undefined on input line
 1347.



[73]

LaTeX Warning: Reference `sec:ch5_results_discussion' on page 74 undefined on i
nput line 1388.



[74]

LaTeX Warning: Citation `Masood2026RSSI' on page 75 undefined on input line 139
8.


LaTeX Warning: Reference `fig:ch5_rssi_device_description' on page 75 undefined
 on input line 1402.

<Fig/ch5_rssi_device_description.png, id=1011, 894.177pt x 499.977pt>
File: Fig/ch5_rssi_device_description.png Graphic file (type png)
<use Fig/ch5_rssi_device_description.png>
Package pdftex.def Info: Fig/ch5_rssi_device_description.png  used on input lin
e 1406.
(pdftex.def)             Requested size: 390.25536pt x 218.21298pt.


[75]

LaTeX Warning: Reference `tab:ch5_rf_parameters' on page 76 undefined on input 
line 1413.



[76 <./Fig/ch5_rssi_device_description.png>]

LaTeX Warning: Reference `fig:ch5_rssi_hardware_mounted' on page 77 undefined o
n input line 1443.

<Fig/ch5_rssi_hardware_mounted.png, id=1029, 931.626pt x 346.458pt>
File: Fig/ch5_rssi_hardware_mounted.png Graphic file (type png)
<use Fig/ch5_rssi_hardware_mounted.png>
Package pdftex.def Info: Fig/ch5_rssi_hardware_mounted.png  used on input line 
1447.
(pdftex.def)             Requested size: 390.25536pt x 145.13072pt.


[77 <./Fig/ch5_rssi_hardware_mounted.png>]

[78]

[79]

LaTeX Warning: Reference `fig:ch5_rf_imu_localization_pipeline' on page 80 unde
fined on input line 1500.



[80]

LaTeX Warning: Reference `tab:ch5_model_comparison' on page 81 undefined on inp
ut line 1676.



[81]

LaTeX Warning: Reference `fig:ch5_psi_unwrapped_timeseries' on page 82 undefine
d on input line 1711.


LaTeX Warning: Reference `fig:ch5_psi_absolute_error_timeseries' on page 82 und
efined on input line 1711.

<Fig/ch5_psi_unwrapped_timeseries.png, id=1075, 867.24pt x 289.08pt>
File: Fig/ch5_psi_unwrapped_timeseries.png Graphic file (type png)
<use Fig/ch5_psi_unwrapped_timeseries.png>
Package pdftex.def Info: Fig/ch5_psi_unwrapped_timeseries.png  used on input li
ne 1715.
(pdftex.def)             Requested size: 338.22307pt x 112.74074pt.
<Fig/ch5_psi_absolute_error_timeseries.png, id=1076, 867.24pt x 216.81pt>
File: Fig/ch5_psi_absolute_error_timeseries.png Graphic file (type png)
<use Fig/ch5_psi_absolute_error_timeseries.png>
Package pdftex.def Info: Fig/ch5_psi_absolute_error_timeseries.png  used on inp
ut line 1722.
(pdftex.def)             Requested size: 338.22307pt x 84.55556pt.

LaTeX Warning: Reference `fig:ch5_theta_kf_comparison' on page 82 undefined on 
input line 1727.

<Fig/ch5_theta_kf_comparison.png, id=1077, 850.377pt x 507.5763pt>
File: Fig/ch5_theta_kf_comparison.png Graphic file (type png)
<use Fig/ch5_theta_kf_comparison.png>
Package pdftex.def Info: Fig/ch5_theta_kf_comparison.png  used on input line 17
31.
(pdftex.def)             Requested size: 251.5004pt x 150.1132pt.


[82]

LaTeX Warning: Citation `Masood2026RSSI' on page 83 undefined on input line 173
6.


LaTeX Warning: Reference `fig:ch5_position_error_histogram' on page 83 undefine
d on input line 1736.


LaTeX Warning: Reference `fig:ch5_position_error_scatter' on page 83 undefined 
on input line 1736.


LaTeX Warning: Reference `fig:ch5_position_error_histogram_6m' on page 83 undef
ined on input line 1736.

<Fig/ch5_position_error_histogram.png, id=1087, 505.89pt x 361.35pt>
File: Fig/ch5_position_error_histogram.png Graphic file (type png)
<use Fig/ch5_position_error_histogram.png>
Package pdftex.def Info: Fig/ch5_position_error_histogram.png  used on input li
ne 1740.
(pdftex.def)             Requested size: 251.5004pt x 179.64348pt.
<Fig/ch5_position_error_scatter.png, id=1088, 505.89pt x 361.35pt>
File: Fig/ch5_position_error_scatter.png Graphic file (type png)
<use Fig/ch5_position_error_scatter.png>
Package pdftex.def Info: Fig/ch5_position_error_scatter.png  used on input line
 1747.
(pdftex.def)             Requested size: 251.5004pt x 179.64348pt.
<Fig/ch5_position_error_histogram_6m.png, id=1089, 505.89pt x 361.35pt>
File: Fig/ch5_position_error_histogram_6m.png Graphic file (type png)
<use Fig/ch5_position_error_histogram_6m.png>
Package pdftex.def Info: Fig/ch5_position_error_histogram_6m.png  used on input
 line 1754.
(pdftex.def)             Requested size: 251.5004pt x 179.64348pt.

LaTeX Warning: Reference `fig:ch5_simulated_raw_imu_values' on page 83 undefine
d on input line 1761.



[83 <./Fig/ch5_psi_unwrapped_timeseries.png> <./Fig/ch5_psi_absolute_error_time
series.png>]
<Fig/ch5_simulated_raw_imu_values.png, id=1099, 701.7417pt x 413.3844pt>
File: Fig/ch5_simulated_raw_imu_values.png Graphic file (type png)
<use Fig/ch5_simulated_raw_imu_values.png>
Package pdftex.def Info: Fig/ch5_simulated_raw_imu_values.png  used on input li
ne 1765.
(pdftex.def)             Requested size: 355.57158pt x 209.46709pt.


LaTeX Warning: Reference `fig:ch5_swarm_imu_localization' on page 84 undefined 
on input line 1770.

<Fig/ch5_swarm_imu_localization.png, id=1100, 847.0044pt x 557.9244pt>
File: Fig/ch5_swarm_imu_localization.png Graphic file (type png)
<use Fig/ch5_swarm_imu_localization.png>
Package pdftex.def Info: Fig/ch5_swarm_imu_localization.png  used on input line
 1774.
(pdftex.def)             Requested size: 268.84229pt x 177.08368pt.

LaTeX Warning: Reference `fig:ch5_swarm_formation_pool' on page 84 undefined on
 input line 1779.


LaTeX Warning: Reference `fig:ch5_swarm_formation_errors' on page 84 undefined 
on input line 1779.



[84 <./Fig/ch5_theta_kf_comparison.png> <./Fig/ch5_position_error_histogram.png
>]
<Fig/ch5_swarm_formation_pool.png, id=1109, 920.238pt x 466.689pt>
File: Fig/ch5_swarm_formation_pool.png Graphic file (type png)
<use Fig/ch5_swarm_formation_pool.png>
Package pdftex.def Info: Fig/ch5_swarm_formation_pool.png  used on input line 1
783.
(pdftex.def)             Requested size: 268.84229pt x 136.34041pt.
<Fig/ch5_swarm_formation_errors.png, id=1110, 722.7pt x 433.62pt>
File: Fig/ch5_swarm_formation_errors.png Graphic file (type png)
<use Fig/ch5_swarm_formation_errors.png>
Package pdftex.def Info: Fig/ch5_swarm_formation_errors.png  used on input line
 1790.
(pdftex.def)             Requested size: 268.84229pt x 161.30365pt.


[85 <./Fig/ch5_position_error_scatter.png> <./Fig/ch5_position_error_histogram_
6m.png>]

[86 <./Fig/ch5_simulated_raw_imu_values.png>]

[87 <./Fig/ch5_swarm_imu_localization.png> <./Fig/ch5_swarm_formation_pool.png>
]

[88 <./Fig/ch5_swarm_formation_errors.png>]

[89]
Chapter 6.

LaTeX Warning: Citation `Masood2025CO2' on page 90 undefined on input line 1817
.


LaTeX Warning: Citation `Masood2026OilSpill' on page 90 undefined on input line
 1817.



[90

]

LaTeX Warning: Citation `Herzog2001' on page 91 undefined on input line 1831.


LaTeX Warning: Citation `Filonchyk2024' on page 91 undefined on input line 1831
.


LaTeX Warning: Citation `Kabir2023' on page 91 undefined on input line 1831.


LaTeX Warning: Citation `Zheng2021' on page 91 undefined on input line 1831.


LaTeX Warning: Citation `Pham2016' on page 91 undefined on input line 1831.



[91]

LaTeX Warning: Reference `fig:ch4_co2_diffusion_setup' on page 92 undefined on 
input line 1837.

<Fig/ch4_co2_diffusion_setup.png, id=1158, 298.497pt x 420.48pt>
File: Fig/ch4_co2_diffusion_setup.png Graphic file (type png)
<use Fig/ch4_co2_diffusion_setup.png>
Package pdftex.def Info: Fig/ch4_co2_diffusion_setup.png  used on input line 18
41.
(pdftex.def)             Requested size: 216.81pt x 305.42082pt.

LaTeX Warning: Reference `fig:ch4_co2_experimental_setup' on page 92 undefined 
on input line 1846.



[92]
<Fig/ch4_co2_experimental_setup.png, id=1166, 627.435pt x 354.123pt>
File: Fig/ch4_co2_experimental_setup.png Graphic file (type png)
<use Fig/ch4_co2_experimental_setup.png>
Package pdftex.def Info: Fig/ch4_co2_experimental_setup.png  used on input line
 1850.
(pdftex.def)             Requested size: 268.84229pt x 151.74037pt.


LaTeX Warning: Reference `fig:ch4_co2_leak_source' on page 93 undefined on inpu
t line 1855.

<Fig/ch4_co2_leak_source.jpg, id=1167, 1427.3325pt x 1069.9975pt>
File: Fig/ch4_co2_leak_source.jpg Graphic file (type jpg)
<use Fig/ch4_co2_leak_source.jpg>
Package pdftex.def Info: Fig/ch4_co2_leak_source.jpg  used on input line 1859.
(pdftex.def)             Requested size: 251.5004pt x 188.52585pt.

LaTeX Warning: Reference `fig:ch4_co2_control_monitoring_gui' on page 93 undefi
ned on input line 1864.


LaTeX Warning: Reference `sec:ch4_results_discussion' on page 93 undefined on i
nput line 1864.



[93 <./Fig/ch4_co2_diffusion_setup.png>]
<Fig/ch4_co2_control_monitoring_gui.png, id=1174, 1319.68031pt x 848.4197pt>
File: Fig/ch4_co2_control_monitoring_gui.png Graphic file (type png)
<use Fig/ch4_co2_control_monitoring_gui.png>
Package pdftex.def Info: Fig/ch4_co2_control_monitoring_gui.png  used on input 
line 1868.
(pdftex.def)             Requested size: 407.60387pt x 262.0494pt.


[94 <./Fig/ch4_co2_experimental_setup.png> <./Fig/ch4_co2_leak_source.jpg>]

[95 <./Fig/ch4_co2_control_monitoring_gui.png>]

LaTeX Warning: Citation `HeinrichBoellStiftung2017' on page 96 undefined on inp
ut line 1898.


LaTeX Warning: Citation `Almeda2014' on page 96 undefined on input line 1898.


LaTeX Warning: Citation `Albers1982' on page 96 undefined on input line 1898.


LaTeX Warning: Citation `Porter2024' on page 96 undefined on input line 1900.


LaTeX Warning: Reference `fig:ch4_oect_circuit' on page 96 undefined on input l
ine 1904.



[96]
<Fig/ch4_oect_circuit.png, id=1199, 548.80031pt x 296.60812pt>
File: Fig/ch4_oect_circuit.png Graphic file (type png)
<use Fig/ch4_oect_circuit.png>
Package pdftex.def Info: Fig/ch4_oect_circuit.png  used on input line 1908.
(pdftex.def)             Requested size: 312.20692pt x 168.74251pt.


LaTeX Warning: Reference `fig:ch4_oect_enclosure' on page 97 undefined on input
 line 1913.

<Fig/ch4_oect_enclosure.png, id=1200, 558.669pt x 463.185pt>
File: Fig/ch4_oect_enclosure.png Graphic file (type png)
<use Fig/ch4_oect_enclosure.png>
Package pdftex.def Info: Fig/ch4_oect_enclosure.png  used on input line 1917.
(pdftex.def)             Requested size: 286.19078pt x 237.28136pt.

LaTeX Warning: Reference `fig:ch4_oect_smu_setup' on page 97 undefined on input
 line 1924.



[97 <./Fig/ch4_oect_circuit.png>]
<Fig/ch4_oect_smu_setup.png, id=1209, 343.5234pt x 119.0046pt>
File: Fig/ch4_oect_smu_setup.png Graphic file (type png)
<use Fig/ch4_oect_smu_setup.png>
Package pdftex.def Info: Fig/ch4_oect_smu_setup.png  used on input line 1928.
(pdftex.def)             Requested size: 338.22307pt x 117.1757pt.


LaTeX Warning: Reference `fig:ch4_oil_fish_pool' on page 98 undefined on input 
line 1933.



[98 <./Fig/ch4_oect_enclosure.png> <./Fig/ch4_oect_smu_setup.png>]
<Fig/ch4_oil_fish_pool.png, id=1218, 1124.2pt x 785.93625pt>
File: Fig/ch4_oil_fish_pool.png Graphic file (type png)
<use Fig/ch4_oil_fish_pool.png>
Package pdftex.def Info: Fig/ch4_oil_fish_pool.png  used on input line 1937.
(pdftex.def)             Requested size: 251.5004pt x 175.82066pt.


LaTeX Warning: Reference `sec:ch4_results_discussion' on page 99 undefined on i
nput line 1952.


LaTeX Warning: Reference `fig:ch4_co2_diffusion_results' on page 99 undefined o
n input line 1959.



[99 <./Fig/ch4_oil_fish_pool.png>]
<Fig/ch4_co2_diffusion_results.png, id=1227, 261.22594pt x 196.48407pt>
File: Fig/ch4_co2_diffusion_results.png Graphic file (type png)
<use Fig/ch4_co2_diffusion_results.png>
Package pdftex.def Info: Fig/ch4_co2_diffusion_results.png  used on input line 
1963.
(pdftex.def)             Requested size: 268.84229pt x 202.21594pt.


LaTeX Warning: Reference `fig:ch4_co2_raw_scatter' on page 100 undefined on inp
ut line 1968.


LaTeX Warning: Reference `fig:ch4_co2_heatmap' on page 100 undefined on input l
ine 1968.

<Fig/ch4_co2_raw_scatter.png, id=1228, 549.9747pt x 419.6478pt>
File: Fig/ch4_co2_raw_scatter.png Graphic file (type png)
<use Fig/ch4_co2_raw_scatter.png>
Package pdftex.def Info: Fig/ch4_co2_raw_scatter.png  used on input line 1972.
(pdftex.def)             Requested size: 268.84229pt x 205.13617pt.
<Fig/ch4_co2_heatmap.png, id=1229, 500.5902pt x 384.9582pt>
File: Fig/ch4_co2_heatmap.png Graphic file (type png)
<use Fig/ch4_co2_heatmap.png>
Package pdftex.def Info: Fig/ch4_co2_heatmap.png  used on input line 1979.
(pdftex.def)             Requested size: 268.84229pt x 206.7524pt.

LaTeX Warning: Reference `fig:ch4_co2_linear_interpolation' on page 100 undefin
ed on input line 1984.


LaTeX Warning: Reference `fig:ch4_co2_rbf_surface' on page 100 undefined on inp
ut line 1984.



[100 <./Fig/ch4_co2_diffusion_results.png>]
<Fig/ch4_co2_linear_interpolation.png, id=1239, 550.6974pt x 377.4903pt>
File: Fig/ch4_co2_linear_interpolation.png Graphic file (type png)
<use Fig/ch4_co2_linear_interpolation.png>
Package pdftex.def Info: Fig/ch4_co2_linear_interpolation.png  used on input li
ne 1988.
(pdftex.def)             Requested size: 268.84229pt x 184.2864pt.
<Fig/ch4_co2_rbf_surface.png, id=1240, 502.5174pt x 419.6478pt>
File: Fig/ch4_co2_rbf_surface.png Graphic file (type png)
<use Fig/ch4_co2_rbf_surface.png>
Package pdftex.def Info: Fig/ch4_co2_rbf_surface.png  used on input line 1995.
(pdftex.def)             Requested size: 268.84229pt x 224.51256pt.


LaTeX Warning: Reference `fig:ch4_co2_peak_map' on page 101 undefined on input 
line 2000.



[101 <./Fig/ch4_co2_raw_scatter.png> <./Fig/ch4_co2_heatmap.png>]
<Fig/ch4_co2_peak_map.png, id=1249, 549.252pt x 377.4903pt>
File: Fig/ch4_co2_peak_map.png Graphic file (type png)
<use Fig/ch4_co2_peak_map.png>
Package pdftex.def Info: Fig/ch4_co2_peak_map.png  used on input line 2004.
(pdftex.def)             Requested size: 277.51654pt x 190.73189pt.


LaTeX Warning: Reference `fig:ch4_co2_time_windows' on page 102 undefined on in
put line 2009.


LaTeX Warning: Reference `fig:ch4_co2_error_over_time' on page 102 undefined on
 input line 2009.

<Fig/ch4_co2_time_windows.png, id=1250, 1071.5232pt x 867.9627pt>
File: Fig/ch4_co2_time_windows.png Graphic file (type png)
<use Fig/ch4_co2_time_windows.png>
Package pdftex.def Info: Fig/ch4_co2_time_windows.png  used on input line 2013.

(pdftex.def)             Requested size: 407.60387pt x 330.1736pt.
<Fig/ch4_co2_error_over_time.png, id=1251, 552.6246pt x 407.3619pt>
File: Fig/ch4_co2_error_over_time.png Graphic file (type png)
<use Fig/ch4_co2_error_over_time.png>
Package pdftex.def Info: Fig/ch4_co2_error_over_time.png  used on input line 20
20.
(pdftex.def)             Requested size: 234.15189pt x 172.60127pt.

LaTeX Warning: Reference `fig:ch4_oil_multi_solution' on page 102 undefined on 
input line 2029.


LaTeX Warning: Reference `fig:ch4_oil_response_distribution' on page 102 undefi
ned on input line 2029.



[102 <./Fig/ch4_co2_linear_interpolation.png>]
<Fig/ch4_oil_multi_solution.png, id=1258, 587.139pt x 339.231pt>
File: Fig/ch4_oil_multi_solution.png Graphic file (type png)
<use Fig/ch4_oil_multi_solution.png>
Package pdftex.def Info: Fig/ch4_oil_multi_solution.png  used on input line 203
3.
(pdftex.def)             Requested size: 312.20692pt x 180.38683pt.


[103 <./Fig/ch4_co2_rbf_surface.png> <./Fig/ch4_co2_peak_map.png>]
<Fig/ch4_oil_response_distribution.png, id=1268, 404.055pt x 329.376pt>
File: Fig/ch4_oil_response_distribution.png Graphic file (type png)
<use Fig/ch4_oil_response_distribution.png>
Package pdftex.def Info: Fig/ch4_oil_response_distribution.png  used on input l
ine 2040.
(pdftex.def)             Requested size: 277.51654pt x 226.23434pt.


LaTeX Warning: Reference `fig:ch4_oect_oil_channel' on page 104 undefined on in
put line 2045.



[104 <./Fig/ch4_co2_time_windows.png> <./Fig/ch4_co2_error_over_time.png>]
<Fig/ch4_oect_oil_channel.jpg, id=1277, 6693.005pt x 3146.75626pt>
File: Fig/ch4_oect_oil_channel.jpg Graphic file (type jpg)
<use Fig/ch4_oect_oil_channel.jpg>
Package pdftex.def Info: Fig/ch4_oect_oil_channel.jpg  used on input line 2049.

(pdftex.def)             Requested size: 277.51654pt x 130.4583pt.


LaTeX Warning: Reference `fig:ch4_oect_oily_water' on page 105 undefined on inp
ut line 2054.



[105 <./Fig/ch4_oil_multi_solution.png> <./Fig/ch4_oil_response_distribution.pn
g>]
<Fig/ch4_oect_oily_water.jpg, id=1286, 7558.2375pt x 3196.94376pt>
File: Fig/ch4_oect_oily_water.jpg Graphic file (type jpg)
<use Fig/ch4_oect_oily_water.jpg>
Package pdftex.def Info: Fig/ch4_oect_oily_water.jpg  used on input line 2058.
(pdftex.def)             Requested size: 346.89732pt x 146.68558pt.


LaTeX Warning: Reference `fig:ch4_oil_pool_response' on page 106 undefined on i
nput line 2063.



[106 <./Fig/ch4_oect_oil_channel.jpg> <./Fig/ch4_oect_oily_water.jpg>]
<Fig/ch4_oil_pool_response.jpg, id=1295, 5442.3325pt x 4071.21pt>
File: Fig/ch4_oil_pool_response.jpg Graphic file (type jpg)
<use Fig/ch4_oil_pool_response.jpg>
Package pdftex.def Info: Fig/ch4_oil_pool_response.jpg  used on input line 2067
.
(pdftex.def)             Requested size: 368.57965pt x 275.69559pt.


[107 <./Fig/ch4_oil_pool_response.jpg>]

[108]

[109]
Chapter 7.


[110

]

[111]

[112]

[113]

[114]

[115]

[116] (./Dissertation_Thesis_Masood.bbl
Underfull \hbox (badness 3690) in paragraph at lines 4--7
[]\OT1/cmr/m/n/12 National Ge-o-graphic So-ci-ety.  All about the ocean.  Na-ti
onal Ge-
 []


Underfull \hbox (badness 1648) in paragraph at lines 4--7
\OT1/cmr/m/n/12 o-graphic So-ci-ety. []$\OT1/cmtt/m/n/12 https : / / education 
. nationalgeographic . org / resource /
 []



[117


]

[118]

[119]

[120]

[121]

[122]

[123]

[124]

[125]
Underfull \hbox (badness 2326) in paragraph at lines 385--389
[]\OT1/cmr/m/n/12 Muhammad Umar Ma-sood and Zheng Chen.  Vi-sual ser-vo-ing con
-trol
 []


Underfull \hbox (badness 1721) in paragraph at lines 385--389
\OT1/cmr/m/n/12 of robotic fish for un-der-wa-ter pipeline track-ing.  \OT1/cmr
/m/it/12 In-ter-na-tional Jour-nal
 []



[126]

[127]

[128]
Underfull \hbox (badness 10000) in paragraph at lines 494--498
[]\OT1/cmr/m/n/12 Heinrich Boell Stiftung.  En-ergy from the ocean: Where
 []


Underfull \hbox (badness 10000) in paragraph at lines 494--498
\OT1/cmr/m/n/12 does the fu-ture lie?  []$\OT1/cmtt/m/n/12 https : / / www . bo
ell . de / en / 2017 / 05 / 20 /
 []



[129]

[130])

[131] (tmp/pdflatex-2024/Dissertation_Thesis_Masood.aux)
 ***********
LaTeX2e <2024-06-01> patch level 2
L3 programming layer <2024-07-20>
 ***********


LaTeX Warning: There were undefined references.


LaTeX Warning: Label(s) may have changed. Rerun to get cross-references right.


Package rerunfilecheck Warning: File `Dissertation_Thesis_Masood.out' has chang
ed.
(rerunfilecheck)                Rerun to get outlines right
(rerunfilecheck)                or use package `bookmark'.

Package rerunfilecheck Info: Checksums for `Dissertation_Thesis_Masood.out':
(rerunfilecheck)             Before: <no file>
(rerunfilecheck)             After:  062B206ABEBCFA5318F4E5C7DD97D1BF;22318.
 ) 
Here is how much of TeX's memory you used:
 23938 strings out of 473579
 452228 string characters out of 5732257
 1944960 words of memory out of 5000000
 45972 multiletter control sequences out of 15000+600000
 569441 words of font info for 75 fonts, out of 8000000 for 9000
 1141 hyphenation exceptions out of 8191
 90i,11n,93p,1456b,935s stack positions out of 10000i,1000n,20000p,200000b,200000s
<c:/texlive/2024/texmf-dist/fonts/type1/public/amsfonts/cm/cmbx12.pfb><c:/tex
live/2024/texmf-dist/fonts/type1/public/amsfonts/cm/cmex10.pfb><c:/texlive/2024
/texmf-dist/fonts/type1/public/amsfonts/cm/cmmi10.pfb><c:/texlive/2024/texmf-di
st/fonts/type1/public/amsfonts/cm/cmmi12.pfb><c:/texlive/2024/texmf-dist/fonts/
type1/public/amsfonts/cm/cmmi6.pfb><c:/texlive/2024/texmf-dist/fonts/type1/publ
ic/amsfonts/cm/cmmi8.pfb><c:/texlive/2024/texmf-dist/fonts/type1/public/amsfont
s/cm/cmmib10.pfb><c:/texlive/2024/texmf-dist/fonts/type1/public/amsfonts/cm/cmr
10.pfb><c:/texlive/2024/texmf-dist/fonts/type1/public/amsfonts/cm/cmr12.pfb><c:
/texlive/2024/texmf-dist/fonts/type1/public/amsfonts/cm/cmr17.pfb><c:/texlive/2
024/texmf-dist/fonts/type1/public/amsfonts/cm/cmr6.pfb><c:/texlive/2024/texmf-d
ist/fonts/type1/public/amsfonts/cm/cmr8.pfb><c:/texlive/2024/texmf-dist/fonts/t
ype1/public/amsfonts/cm/cmsy10.pfb><c:/texlive/2024/texmf-dist/fonts/type1/publ
ic/amsfonts/cm/cmsy8.pfb><c:/texlive/2024/texmf-dist/fonts/type1/public/amsfont
s/cm/cmti12.pfb><c:/texlive/2024/texmf-dist/fonts/type1/public/amsfonts/cm/cmtt
12.pfb><c:/texlive/2024/texmf-dist/fonts/type1/public/cm-super/sfrm1200.pfb>
Output written on tmp/pdflatex-2024/Dissertation_Thesis_Masood.pdf (140 pages, 
62630719 bytes).
PDF statistics:
 1809 PDF objects out of 2073 (max. 8388607)
 1191 compressed objects within 12 object streams
 504 named destinations out of 1000 (max. 500000)
 323 words of extra memory for PDF output out of 10000 (max. 10000000)

