This is pdfTeX, Version 3.141592653-2.6-1.40.26 (TeX Live 2024) (preloaded format=pdflatex 2024.8.26)  2 SEP 2025 16:01
entering extended mode
 restricted \write18 enabled.
 file:line:error style messages enabled.
 %&-line parsing enabled.
**"c:/Users/mmasood5/OneDrive - University Of Houston/UoH/Dr Chen/OECT/Paper OECT/OECT - IEEE/Robotic-Fish-Oil-Spill-Sensor/bare_jrnl.tex"
(c:/Users/mmasood5/OneDrive - University Of Houston/UoH/Dr Chen/OECT/Paper OECT/OECT - IEEE/Robotic-Fish-Oil-Spill-Sensor/bare_jrnl.tex
LaTeX2e <2024-06-01> patch level 2
L3 programming layer <2024-07-20>
(c:/texlive/2024/texmf-dist/tex/latex/ieeetran/IEEEtran.cls
Document Class: IEEEtran 2015/08/26 V1.8b by Michael Shell
-- See the "IEEEtran_HOWTO" manual for usage information.
-- http://www.michaelshell.org/tex/ieeetran/
\@IEEEtrantmpdimenA=\dimen141
\@IEEEtrantmpdimenB=\dimen142
\@IEEEtrantmpdimenC=\dimen143
\@IEEEtrantmpcountA=\count194
\@IEEEtrantmpcountB=\count195
\@IEEEtrantmpcountC=\count196
\@IEEEtrantmptoksA=\toks17
LaTeX Font Info:    Trying to load font information for OT1+ptm on input line 503.
(c:/texlive/2024/texmf-dist/tex/latex/psnfss/ot1ptm.fd
File: ot1ptm.fd 2001/06/04 font definitions for OT1/ptm.
)
-- Using 8.5in x 11in (letter) paper.
-- Using PDF output.
\@IEEEnormalsizeunitybaselineskip=\dimen144
-- This is a 10 point document.
\CLASSINFOnormalsizebaselineskip=\dimen145
\CLASSINFOnormalsizeunitybaselineskip=\dimen146
\IEEEnormaljot=\dimen147
LaTeX Font Info:    Font shape `OT1/ptm/bx/n' in size <5> not available
(Font)              Font shape `OT1/ptm/b/n' tried instead on input line 1090.
LaTeX Font Info:    Font shape `OT1/ptm/bx/it' in size <5> not available
(Font)              Font shape `OT1/ptm/b/it' tried instead on input line 1090.
LaTeX Font Info:    Font shape `OT1/ptm/bx/n' in size <7> not available
(Font)              Font shape `OT1/ptm/b/n' tried instead on input line 1090.
LaTeX Font Info:    Font shape `OT1/ptm/bx/it' in size <7> not available
(Font)              Font shape `OT1/ptm/b/it' tried instead on input line 1090.
LaTeX Font Info:    Font shape `OT1/ptm/bx/n' in size <8> not available
(Font)              Font shape `OT1/ptm/b/n' tried instead on input line 1090.
LaTeX Font Info:    Font shape `OT1/ptm/bx/it' in size <8> not available
(Font)              Font shape `OT1/ptm/b/it' tried instead on input line 1090.
LaTeX Font Info:    Font shape `OT1/ptm/bx/n' in size <9> not available
(Font)              Font shape `OT1/ptm/b/n' tried instead on input line 1090.
LaTeX Font Info:    Font shape `OT1/ptm/bx/it' in size <9> not available
(Font)              Font shape `OT1/ptm/b/it' tried instead on input line 1090.
LaTeX Font Info:    Font shape `OT1/ptm/bx/n' in size <10> not available
(Font)              Font shape `OT1/ptm/b/n' tried instead on input line 1090.
LaTeX Font Info:    Font shape `OT1/ptm/bx/it' in size <10> not available
(Font)              Font shape `OT1/ptm/b/it' tried instead on input line 1090.
LaTeX Font Info:    Font shape `OT1/ptm/bx/n' in size <11> not available
(Font)              Font shape `OT1/ptm/b/n' tried instead on input line 1090.
LaTeX Font Info:    Font shape `OT1/ptm/bx/it' in size <11> not available
(Font)              Font shape `OT1/ptm/b/it' tried instead on input line 1090.
LaTeX Font Info:    Font shape `OT1/ptm/bx/n' in size <12> not available
(Font)              Font shape `OT1/ptm/b/n' tried instead on input line 1090.
LaTeX Font Info:    Font shape `OT1/ptm/bx/it' in size <12> not available
(Font)              Font shape `OT1/ptm/b/it' tried instead on input line 1090.
LaTeX Font Info:    Font shape `OT1/ptm/bx/n' in size <17> not available
(Font)              Font shape `OT1/ptm/b/n' tried instead on input line 1090.
LaTeX Font Info:    Font shape `OT1/ptm/bx/it' in size <17> not available
(Font)              Font shape `OT1/ptm/b/it' tried instead on input line 1090.
LaTeX Font Info:    Font shape `OT1/ptm/bx/n' in size <20> not available
(Font)              Font shape `OT1/ptm/b/n' tried instead on input line 1090.
LaTeX Font Info:    Font shape `OT1/ptm/bx/it' in size <20> not available
(Font)              Font shape `OT1/ptm/b/it' tried instead on input line 1090.
LaTeX Font Info:    Font shape `OT1/ptm/bx/n' in size <24> not available
(Font)              Font shape `OT1/ptm/b/n' tried instead on input line 1090.
LaTeX Font Info:    Font shape `OT1/ptm/bx/it' in size <24> not available
(Font)              Font shape `OT1/ptm/b/it' tried instead on input line 1090.
\IEEEquantizedlength=\dimen148
\IEEEquantizedlengthdiff=\dimen149
\IEEEquantizedtextheightdiff=\dimen150
\IEEEilabelindentA=\dimen151
\IEEEilabelindentB=\dimen152
\IEEEilabelindent=\dimen153
\IEEEelabelindent=\dimen154
\IEEEdlabelindent=\dimen155
\IEEElabelindent=\dimen156
\IEEEiednormlabelsep=\dimen157
\IEEEiedmathlabelsep=\dimen158
\IEEEiedtopsep=\skip49
\c@section=\count197
\c@subsection=\count198
\c@subsubsection=\count199
\c@paragraph=\count266
\c@IEEEsubequation=\count267
\abovecaptionskip=\skip50
\belowcaptionskip=\skip51
\c@figure=\count268
\c@table=\count269
\@IEEEeqnnumcols=\count270
\@IEEEeqncolcnt=\count271
\@IEEEsubeqnnumrollback=\count272
\@IEEEquantizeheightA=\dimen159
\@IEEEquantizeheightB=\dimen160
\@IEEEquantizeheightC=\dimen161
\@IEEEquantizeprevdepth=\dimen162
\@IEEEquantizemultiple=\count273
\@IEEEquantizeboxA=\box52
\@IEEEtmpitemindent=\dimen163
\IEEEPARstartletwidth=\dimen164
\c@IEEEbiography=\count274
\@IEEEtranrubishbin=\box53
) (c:/texlive/2024/texmf-dist/tex/latex/graphics/color.sty
Package: color 2024/01/14 v1.3d Standard LaTeX Color (DPC)
 (c:/texlive/2024/texmf-dist/tex/latex/graphics-cfg/color.cfg
File: color.cfg 2016/01/02 v1.6 sample color configuration
)
Package color Info: Driver file: pdftex.def on input line 149.
 (c:/texlive/2024/texmf-dist/tex/latex/graphics-def/pdftex.def
File: pdftex.def 2024/04/13 v1.2c Graphics/color driver for pdftex
) (c:/texlive/2024/texmf-dist/tex/latex/graphics/mathcolor.ltx)) (c:/texlive/2024/texmf-dist/tex/latex/xcolor/xcolor.sty
Package: xcolor 2023/11/15 v3.01 LaTeX color extensions (UK)
 (c:/texlive/2024/texmf-dist/tex/latex/graphics-cfg/color.cfg
File: color.cfg 2016/01/02 v1.6 sample color configuration
)
Package xcolor Info: Driver file: pdftex.def on input line 274.
LaTeX Info: Redefining \color on input line 758.
 (c:/texlive/2024/texmf-dist/tex/latex/graphics/mathcolor.ltx)
Package xcolor Info: Model `cmy' substituted by `cmy0' on input line 1350.
Package xcolor Info: Model `hsb' substituted by `rgb' on input line 1354.
Package xcolor Info: Model `RGB' extended on input line 1366.
Package xcolor Info: Model `HTML' substituted by `rgb' on input line 1368.
Package xcolor Info: Model `Hsb' substituted by `hsb' on input line 1369.
Package xcolor Info: Model `tHsb' substituted by `hsb' on input line 1370.
Package xcolor Info: Model `HSB' substituted by `hsb' on input line 1371.
Package xcolor Info: Model `Gray' substituted by `gray' on input line 1372.
Package xcolor Info: Model `wave' substituted by `hsb' on input line 1373.
) (c:/texlive/2024/texmf-dist/tex/latex/algorithms/algorithm.sty
Package: algorithm 2009/08/24 v0.1 Document Style `algorithm' - floating environment
 (c:/texlive/2024/texmf-dist/tex/latex/float/float.sty
Package: float 2001/11/08 v1.3d Float enhancements (AL)
\c@float@type=\count275
\float@exts=\toks18
\float@box=\box54
\@float@everytoks=\toks19
\@floatcapt=\box55
) (c:/texlive/2024/texmf-dist/tex/latex/base/ifthen.sty
Package: ifthen 2024/03/16 v1.1e Standard LaTeX ifthen package (DPC)
)
\@float@every@algorithm=\toks20
\c@algorithm=\count276
) (c:/texlive/2024/texmf-dist/tex/latex/amsfonts/amsfonts.sty
Package: amsfonts 2013/01/14 v3.01 Basic AMSFonts support
\@emptytoks=\toks21
\symAMSa=\mathgroup4
\symAMSb=\mathgroup5
LaTeX Font Info:    Redeclaring math symbol \hbar on input line 98.
LaTeX Font Info:    Overwriting math alphabet `\mathfrak' in version `bold'
(Font)                  U/euf/m/n --> U/euf/b/n on input line 106.
) (c:/texlive/2024/texmf-dist/tex/latex/amscls/amsthm.sty
Package: amsthm 2020/05/29 v2.20.6
\thm@style=\toks22
\thm@bodyfont=\toks23
\thm@headfont=\toks24
\thm@notefont=\toks25
\thm@headpunct=\toks26
\thm@preskip=\skip52
\thm@postskip=\skip53
\thm@headsep=\skip54
\dth@everypar=\toks27
) (c:/texlive/2024/texmf-dist/tex/latex/graphics/graphicx.sty
Package: graphicx 2021/09/16 v1.2d Enhanced LaTeX Graphics (DPC,SPQR)
 (c:/texlive/2024/texmf-dist/tex/latex/graphics/keyval.sty
Package: keyval 2022/05/29 v1.15 key=value parser (DPC)
\KV@toks@=\toks28
) (c:/texlive/2024/texmf-dist/tex/latex/graphics/graphics.sty
Package: graphics 2024/05/23 v1.4g Standard LaTeX Graphics (DPC,SPQR)
 (c:/texlive/2024/texmf-dist/tex/latex/graphics/trig.sty
Package: trig 2023/12/02 v1.11 sin cos tan (DPC)
) (c:/texlive/2024/texmf-dist/tex/latex/graphics-cfg/graphics.cfg
File: graphics.cfg 2016/06/04 v1.11 sample graphics configuration
)
Package graphics Info: Driver file: pdftex.def on input line 106.
)
\Gin@req@height=\dimen165
\Gin@req@width=\dimen166
) (c:/texlive/2024/texmf-dist/tex/latex/caption/subcaption.sty
Package: subcaption 2023/07/28 v1.6b Sub-captions (AR)
 (c:/texlive/2024/texmf-dist/tex/latex/caption/caption.sty
Package: caption 2023/08/05 v3.6o Customizing captions (AR)
 (c:/texlive/2024/texmf-dist/tex/latex/caption/caption3.sty
Package: caption3 2023/07/31 v2.4d caption3 kernel (AR)
\caption@tempdima=\dimen167
\captionmargin=\dimen168
\caption@leftmargin=\dimen169
\caption@rightmargin=\dimen170
\caption@width=\dimen171
\caption@indent=\dimen172
\caption@parindent=\dimen173
\caption@hangindent=\dimen174
Package caption Info: Unknown document class (or package),
(caption)             standard defaults will be used.
Package caption Info: \@makecaption = \long macro:#1#2->\ifx \@captype \@IEEEtablestring \footnotesize \bgroup \par \centering \@IEEEtabletopskipstrut {\normalfont \footnotesize #1}\\{\normalfont \footnotesize \scshape #2}\par \addvspace {0.5\baselineskip }\egroup \@IEEEtablecaptionsepspace \else \@IEEEfigurecaptionsepspace \setbox \@tempboxa \hbox {\normalfont \footnotesize {#1.}\nobreakspace \nobreakspace #2}\ifdim \wd \@tempboxa >\hsize \setbox \@tempboxa \hbox {\normalfont \footnotesize {#1.}\nobreakspace \nobreakspace }\parbox [t]{\hsize }{\normalfont \footnotesize \noindent \unhbox \@tempboxa #2}\else \ifCLASSOPTIONconference \hbox to\hsize {\normalfont \footnotesize \hfil \box \@tempboxa \hfil }\else \hbox to\hsize {\normalfont \footnotesize \box \@tempboxa \hfil }\fi \fi \fi  on input line 1175.
)

Package caption Warning: Unknown document class (or package),
(caption)                standard defaults will be used.
See the caption package documentation for explanation.

\c@caption@flags=\count277
\c@continuedfloat=\count278
Package caption Info: float package is loaded.
)
Package caption Info: New subtype `subfigure' on input line 238.
\c@subfigure=\count279
Package caption Info: New subtype `subtable' on input line 238.
\c@subtable=\count280
) (c:/texlive/2024/texmf-dist/tex/latex/l3backend/l3backend-pdftex.def
File: l3backend-pdftex.def 2024-05-08 L3 backend support: PDF output (pdfTeX)
\l__color_backend_stack_int=\count281
\l__pdf_internal_box=\box56
) (./bare_jrnl.aux)
\openout1 = `bare_jrnl.aux'.

LaTeX Font Info:    Checking defaults for OML/cmm/m/it on input line 11.
LaTeX Font Info:    ... okay on input line 11.
LaTeX Font Info:    Checking defaults for OMS/cmsy/m/n on input line 11.
LaTeX Font Info:    ... okay on input line 11.
LaTeX Font Info:    Checking defaults for OT1/cmr/m/n on input line 11.
LaTeX Font Info:    ... okay on input line 11.
LaTeX Font Info:    Checking defaults for T1/cmr/m/n on input line 11.
LaTeX Font Info:    ... okay on input line 11.
LaTeX Font Info:    Checking defaults for TS1/cmr/m/n on input line 11.
LaTeX Font Info:    ... okay on input line 11.
LaTeX Font Info:    Checking defaults for OMX/cmex/m/n on input line 11.
LaTeX Font Info:    ... okay on input line 11.
LaTeX Font Info:    Checking defaults for U/cmr/m/n on input line 11.
LaTeX Font Info:    ... okay on input line 11.

-- Lines per column: 58 (exact).
(c:/texlive/2024/texmf-dist/tex/context/base/mkii/supp-pdf.mkii
[Loading MPS to PDF converter (version 2006.09.02).]
\scratchcounter=\count282
\scratchdimen=\dimen175
\scratchbox=\box57
\nofMPsegments=\count283
\nofMParguments=\count284
\everyMPshowfont=\toks29
\MPscratchCnt=\count285
\MPscratchDim=\dimen176
\MPnumerator=\count286
\makeMPintoPDFobject=\count287
\everyMPtoPDFconversion=\toks30
) (c:/texlive/2024/texmf-dist/tex/latex/epstopdf-pkg/epstopdf-base.sty
Package: epstopdf-base 2020-01-24 v2.11 Base part for package epstopdf
Package epstopdf-base Info: Redefining graphics rule for `.eps' on input line 485.
 (c:/texlive/2024/texmf-dist/tex/latex/latexconfig/epstopdf-sys.cfg
File: epstopdf-sys.cfg 2010/07/13 v1.3 Configuration of (r)epstopdf for TeX Live
))
Package caption Info: Begin \AtBeginDocument code.
Package caption Info: End \AtBeginDocument code.
LaTeX Font Info:    Trying to load font information for U+msa on input line 22.
 (c:/texlive/2024/texmf-dist/tex/latex/amsfonts/umsa.fd
File: umsa.fd 2013/01/14 v3.01 AMS symbols A
)
LaTeX Font Info:    Trying to load font information for U+msb on input line 22.
 (c:/texlive/2024/texmf-dist/tex/latex/amsfonts/umsb.fd
File: umsb.fd 2013/01/14 v3.01 AMS symbols B
)
LaTeX Font Info:    Trying to load font information for TS1+ptm on input line 27.
 (c:/texlive/2024/texmf-dist/tex/latex/psnfss/ts1ptm.fd
File: ts1ptm.fd 2001/06/04 font definitions for TS1/ptm.
)

LaTeX Warning: Citation `energyocean' on page 1 undefined on input line 38.


LaTeX Warning: Citation `Almeda2014' on page 1 undefined on input line 38.


LaTeX Warning: Citation `Soloneski2015' on page 1 undefined on input line 38.


LaTeX Warning: Citation `Albers1982' on page 1 undefined on input line 38.


LaTeX Warning: Citation `Cramer2015' on page 1 undefined on input line 38.


LaTeX Warning: Citation `martins2010assessment' on page 1 undefined on input line 40.


LaTeX Warning: Citation `hou2013pipeline' on page 1 undefined on input line 40.


LaTeX Warning: Citation `bin2011pressure' on page 1 undefined on input line 40.


LaTeX Warning: Citation `vitkovsky2007experimental' on page 1 undefined on input line 40.


LaTeX Warning: Citation `ostapkowicz2016leak' on page 1 undefined on input line 40.


LaTeX Warning: Citation `reda2024roadmap' on page 1 undefined on input line 40.




LaTeX Warning: Citation `ho2020inspection' on page 1 undefined on input line 42.


LaTeX Warning: Citation `martini2016leak' on page 1 undefined on input line 42.


LaTeX Warning: Citation `jacobsz2024performance' on page 1 undefined on input line 42.


LaTeX Warning: Citation `jasper2012oil' on page 1 undefined on input line 42.


LaTeX Warning: Citation `dario2019method' on page 1 undefined on input line 42.


LaTeX Warning: Citation `adegboye2019recent' on page 1 undefined on input line 44.


LaTeX Warning: Citation `hu2022underwater' on page 1 undefined on input line 45.


LaTeX Warning: Citation `shukla2016application' on page 1 undefined on input line 45.


LaTeX Warning: Citation `lukonge2020leak' on page 1 undefined on input line 45.


LaTeX Warning: Citation `Yu2019' on page 1 undefined on input line 47.


LaTeX Warning: Citation `Qasem2019' on page 1 undefined on input line 47.


LaTeX Warning: Citation `Yao2024' on page 1 undefined on input line 47.


LaTeX Warning: Citation `Pocwiardowski2021' on page 1 undefined on input line 47.


LaTeX Warning: Citation `Du2025' on page 1 undefined on input line 47.



[1{c:/texlive/2024/texmf-var/fonts/map/pdftex/updmap/pdftex.map}{c:/texlive/2024/texmf-dist/fonts/enc/dvips/base/8r.enc}


]

LaTeX Warning: Citation `Capocci2017' on page 2 undefined on input line 49.


LaTeX Warning: Citation `Marras2012' on page 2 undefined on input line 49.


LaTeX Warning: Citation `Polverino2013' on page 2 undefined on input line 49.


LaTeX Warning: Citation `porter2024detection' on page 2 undefined on input line 54.




LaTeX Warning: Citation `porter2024detection' on page 2 undefined on input line 57.

<figures/OECT-fab.png, id=10, 479.8728pt x 182.1204pt>
File: figures/OECT-fab.png Graphic file (type png)
<use figures/OECT-fab.png>
Package pdftex.def Info: figures/OECT-fab.png  used on input line 61.
(pdftex.def)             Requested size: 232.19843pt x 88.12541pt.
<figures/oect-diagram.png, id=12, 124.21407pt x 190.46156pt>
File: figures/oect-diagram.png Graphic file (type png)
<use figures/oect-diagram.png>
Package pdftex.def Info: figures/oect-diagram.png  used on input line 90.
(pdftex.def)             Requested size: 100.79846pt x 154.56071pt.
<figures/oect-fabricated.png, id=13, 189.70876pt x 192.72pt>
File: figures/oect-fabricated.png Graphic file (type png)
<use figures/oect-fabricated.png>
Package pdftex.def Info: figures/oect-fabricated.png  used on input line 97.
(pdftex.def)             Requested size: 113.39923pt x 115.20059pt.

LaTeX Warning: Citation `porter2024detection' on page 2 undefined on input line 107.



[2 <./figures/OECT-fab.png> <./figures/oect-diagram.png> <./figures/oect-fabricated.png>]

LaTeX Warning: Citation `porter2024detection' on page 3 undefined on input line 114.

<figures/oect-smu-scheme.png, id=23, 343.5234pt x 119.0046pt>
File: figures/oect-smu-scheme.png Graphic file (type png)
<use figures/oect-smu-scheme.png>
Package pdftex.def Info: figures/oect-smu-scheme.png  used on input line 118.
(pdftex.def)             Requested size: 232.19843pt x 80.43901pt.



LaTeX Warning: Reference `fig:CircuitBirdsEye' on page 3 undefined on input line 129.

<figures/OECT-circuit-scheme.png, id=24, 548.80031pt x 296.60812pt>
File: figures/OECT-circuit-scheme.png Graphic file (type png)
<use figures/OECT-circuit-scheme.png>
Package pdftex.def Info: figures/OECT-circuit-scheme.png  used on input line 132.
(pdftex.def)             Requested size: 232.19843pt x 125.4933pt.
<figures/oect-enclosure-exploded.png, id=25, 558.669pt x 463.185pt>
File: figures/oect-enclosure-exploded.png Graphic file (type png)
<use figures/oect-enclosure-exploded.png>
Package pdftex.def Info: figures/oect-enclosure-exploded.png  used on input line 141.
(pdftex.def)             Requested size: 232.19843pt x 192.51501pt.


[3 <./figures/oect-smu-scheme.png> <./figures/OECT-circuit-scheme.png>]

LaTeX Warning: Citation `masood2025visual' on page 4 undefined on input line 150.


LaTeX Warning: Citation `Zuo2021' on page 4 undefined on input line 150.


LaTeX Warning: Citation `Masood2023' on page 4 undefined on input line 150.


LaTeX Warning: Reference `fig:design' on page 4 undefined on input line 150.

<figures/20240627-Fish-SideView.JPG, id=33, 1927.2pt x 893.3375pt>
File: figures/20240627-Fish-SideView.JPG Graphic file (type jpg)
<use figures/20240627-Fish-SideView.JPG>
Package pdftex.def Info: figures/20240627-Fish-SideView.JPG  used on input line 156.
(pdftex.def)             Requested size: 232.19843pt x 107.63206pt.
<figures/Fish-Desgin-exploded.png, id=34, 963.6pt x 447.5922pt>
File: figures/Fish-Desgin-exploded.png Graphic file (type png)
<use figures/Fish-Desgin-exploded.png>
Package pdftex.def Info: figures/Fish-Desgin-exploded.png  used on input line 162.
(pdftex.def)             Requested size: 232.19843pt x 107.85458pt.



LaTeX Warning: Citation `masood2025visual' on page 4 undefined on input line 169.


LaTeX Warning: Reference `fig:gui' on page 4 undefined on input line 169.

<figures/GUI.jpg, id=35, 1284.8pt x 516.93124pt>
File: figures/GUI.jpg Graphic file (type jpg)
<use figures/GUI.jpg>
Package pdftex.def Info: figures/GUI.jpg  used on input line 172.
(pdftex.def)             Requested size: 232.19843pt x 93.42221pt.

LaTeX Warning: Reference `fig:robofishInPool' on page 4 undefined on input line 178.



[4 <./figures/oect-enclosure-exploded.png> <./figures/20240627-Fish-SideView.JPG> <./figures/Fish-Desgin-exploded.png>]

LaTeX Warning: Reference `fig:OECT-enclosure' on page 5 undefined on input line 183.


LaTeX Warning: File `figures/watertank-top.png' not found on input line 189.


c:/Users/mmasood5/OneDrive - University Of Houston/UoH/Dr Chen/OECT/Paper OECT/OECT - IEEE/Robotic-Fish-Oil-Spill-Sensor/bare_jrnl.tex:189: Package pdftex.def Error: File `figures/watertank-top.png' not found: using draft setting.

See the pdftex.def package documentation for explanation.
Type  H <return>  for immediate help.
 ...                                              
                                                  
l.189 ....45\textwidth]{figures/watertank-top.png}
                                                  
Try typing  <return>  to proceed.
If that doesn't work, type  X <return>  to quit.

LaTeX Font Info:    Trying to load font information for OT1+pcr on input line 189.
(c:/texlive/2024/texmf-dist/tex/latex/psnfss/ot1pcr.fd
File: ot1pcr.fd 2001/06/04 font definitions for OT1/pcr.
)


LaTeX Warning: Reference `fig:oect-multi-solution-test' on page 5 undefined on input line 195.


LaTeX Warning: Reference `fig:oect-response-distribution' on page 5 undefined on input line 197.

<figures/multi-solution-test.svg.png, id=41, 453.768pt x 329.376pt>
File: figures/multi-solution-test.svg.png Graphic file (type png)
<use figures/multi-solution-test.svg.png>
Package pdftex.def Info: figures/multi-solution-test.svg.png  used on input line 200.
(pdftex.def)             Requested size: 232.19843pt x 168.54242pt.
<figures/response-distribution.png, id=42, 482.895pt x 329.376pt>
File: figures/response-distribution.png Graphic file (type png)
<use figures/response-distribution.png>
Package pdftex.def Info: figures/response-distribution.png  used on input line 206.
(pdftex.def)             Requested size: 232.19843pt x 158.38013pt.

LaTeX Warning: Reference `fig:oect-response-oil-on-channel' on page 5 undefined on input line 210.


LaTeX Warning: Reference `fig:CircuitBirdsEye' on page 5 undefined on input line 210.


LaTeX Warning: Reference `fig:oect-response-oil-on-channel' on page 5 undefined on input line 210.


LaTeX Warning: Reference `fig:oect-response-oil-on-channel' on page 5 undefined on input line 211.


LaTeX Warning: Reference `fig:oect-response-oily-water' on page 5 undefined on input line 213.

<figures/CircuitTestOilonChannel.jpg, id=43, 4240.84375pt x 2870.725pt>
File: figures/CircuitTestOilonChannel.jpg Graphic file (type jpg)
<use figures/CircuitTestOilonChannel.jpg>
Package pdftex.def Info: figures/CircuitTestOilonChannel.jpg  used on input line 216.
(pdftex.def)             Requested size: 232.19843pt x 157.1676pt.
<figures/CircuitTestOilyWater.jpg, id=44, 4240.84375pt x 2870.725pt>
File: figures/CircuitTestOilyWater.jpg Graphic file (type jpg)
<use figures/CircuitTestOilyWater.jpg>
Package pdftex.def Info: figures/CircuitTestOilyWater.jpg  used on input line 222.
(pdftex.def)             Requested size: 232.19843pt x 157.1676pt.


[5 <./figures/GUI.jpg>]


LaTeX Warning: Citation `masood2025visual' on page 6 undefined on input line 228.


LaTeX Warning: Reference `fig:tracking-performance' on page 6 undefined on input line 228.


LaTeX Warning: Reference `fig:robotic-fish-tracking' on page 6 undefined on input line 228.

<figures/RobofishInPool.png, id=49, 803.0pt x 558.085pt>
File: figures/RobofishInPool.png Graphic file (type png)
<use figures/RobofishInPool.png>
Package pdftex.def Info: figures/RobofishInPool.png  used on input line 231.
(pdftex.def)             Requested size: 258.0pt x 179.31468pt.

Overfull \hbox (6.0pt too wide) in paragraph at lines 231--232
 [][] 
 []


Underfull \vbox (badness 10000) has occurred while \output is active []



[6 <./figures/multi-solution-test.svg.png> <./figures/response-distribution.png> <./figures/CircuitTestOilonChannel.jpg>]
<figures/pipeline_tracking_plot_20250813_154401_psie.png, id=55, 1084.05pt x 433.62pt>
File: figures/pipeline_tracking_plot_20250813_154401_psie.png Graphic file (type png)
<use figures/pipeline_tracking_plot_20250813_154401_psie.png>
Package pdftex.def Info: figures/pipeline_tracking_plot_20250813_154401_psie.png  used on input line 238.
(pdftex.def)             Requested size: 258.0pt x 103.19754pt.
<figures/pipeline_tracking_plot_20250813_154401_y.png, id=56, 1084.05pt x 433.62pt>
File: figures/pipeline_tracking_plot_20250813_154401_y.png Graphic file (type png)
<use figures/pipeline_tracking_plot_20250813_154401_y.png>
Package pdftex.def Info: figures/pipeline_tracking_plot_20250813_154401_y.png  used on input line 239.
(pdftex.def)             Requested size: 258.0pt x 103.19754pt.

Overfull \hbox (6.0pt too wide) in paragraph at lines 238--240
 [][] 
 []


Overfull \hbox (6.0pt too wide) in paragraph at lines 238--240
 [] 
 []

<figures/AnalyzedTechBridge.jpg, id=57, 4429.54875pt x 2967.085pt>
File: figures/AnalyzedTechBridge.jpg Graphic file (type jpg)
<use figures/AnalyzedTechBridge.jpg>
Package pdftex.def Info: figures/AnalyzedTechBridge.jpg  used on input line 245.
(pdftex.def)             Requested size: 232.19843pt x 155.51624pt.

LaTeX Warning: Reference `fig:robofishInPool' on page 7 undefined on input line 249.


LaTeX Warning: Reference `fig:allMeasruementsPool' on page 7 undefined on input line 249.


LaTeX Warning: Reference `fig:allMeasruementsPool' on page 7 undefined on input line 250.


LaTeX Warning: Reference `fig:allMeasruementsPool' on page 7 undefined on input line 250.





[7 <./figures/CircuitTestOilyWater.jpg> <./figures/RobofishInPool.png> <./figures/pipeline_tracking_plot_20250813_154401_psie.png> <./figures/pipeline_tracking_plot_20250813_154401_y.png> <./figures/AnalyzedTechBridge.jpg>] (./bare_jrnl.bbl)



[8

] (./bare_jrnl.aux)
 ***********
LaTeX2e <2024-06-01> patch level 2
L3 programming layer <2024-07-20>
 ***********


LaTeX Warning: There were undefined references.


LaTeX Warning: Label(s) may have changed. Rerun to get cross-references right.

 ) 
Here is how much of TeX's memory you used:
 4740 strings out of 473579
 87032 string characters out of 5732257
 1947960 words of memory out of 5000000
 27589 multiletter control sequences out of 15000+600000
 598783 words of font info for 114 fonts, out of 8000000 for 9000
 1141 hyphenation exceptions out of 8191
 67i,9n,77p,1806b,465s stack positions out of 10000i,1000n,20000p,200000b,200000s
<c:/texlive/2024/texmf-dist/fonts/type1/public/amsfonts/cm/cmmi10.pfb><c:/texlive/2024/texmf-dist/fonts/type1/public/amsfonts/cm/cmmi7.pfb><c:/texlive/2024/texmf-dist/fonts/type1/public/amsfonts/cm/cmr10.pfb><c:/texlive/2024/texmf-dist/fonts/type1/public/amsfonts/cm/cmsy10.pfb><c:/texlive/2024/texmf-dist/fonts/type1/public/amsfonts/cm/cmsy6.pfb><c:/texlive/2024/texmf-dist/fonts/type1/public/amsfonts/cm/cmsy7.pfb><c:/texlive/2024/texmf-dist/fonts/type1/urw/courier/ucrr8a.pfb><c:/texlive/2024/texmf-dist/fonts/type1/urw/times/utmb8a.pfb><c:/texlive/2024/texmf-dist/fonts/type1/urw/times/utmbi8a.pfb><c:/texlive/2024/texmf-dist/fonts/type1/urw/times/utmr8a.pfb><c:/texlive/2024/texmf-dist/fonts/type1/urw/times/utmri8a.pfb>
Output written on bare_jrnl.pdf (8 pages, 10982786 bytes).
PDF statistics:
 117 PDF objects out of 1000 (max. 8388607)
 55 compressed objects within 1 object stream
 0 named destinations out of 1000 (max. 500000)
 86 words of extra memory for PDF output out of 10000 (max. 10000000)

